Archive member included to satisfy reference by file (symbol)

/Applications/ARM/bin/../lib/gcc/arm-none-eabi/13.2.1/thumb/v6-m/nofp/libgcc.a(_dvmd_tls.o)
                              CMakeFiles/mac-gaming.dir/Users/aryachakrabarti/Desktop/pico-sdk/src/rp2_common/pico_divider/divider_hardware.S.o (__aeabi_idiv0)
/Applications/ARM/bin/../lib/gcc/arm-none-eabi/13.2.1/../../../../arm-none-eabi/lib/thumb/v6-m/nofp/libg.a(libc_a-calloc.o)
                              CMakeFiles/mac-gaming.dir/Users/aryachakrabarti/Desktop/pico-sdk/src/rp2_common/pico_malloc/malloc.c.o (calloc)
/Applications/ARM/bin/../lib/gcc/arm-none-eabi/13.2.1/../../../../arm-none-eabi/lib/thumb/v6-m/nofp/libg.a(libc_a-callocr.o)
                              /Applications/ARM/bin/../lib/gcc/arm-none-eabi/13.2.1/../../../../arm-none-eabi/lib/thumb/v6-m/nofp/libg.a(libc_a-calloc.o) (_calloc_r)
/Applications/ARM/bin/../lib/gcc/arm-none-eabi/13.2.1/../../../../arm-none-eabi/lib/thumb/v6-m/nofp/libg.a(libc_a-malloc.o)
                              CMakeFiles/mac-gaming.dir/Users/aryachakrabarti/Desktop/pico-sdk/src/rp2_common/pico_malloc/malloc.c.o (malloc)
/Applications/ARM/bin/../lib/gcc/arm-none-eabi/13.2.1/../../../../arm-none-eabi/lib/thumb/v6-m/nofp/libg.a(libc_a-mallocr.o)
                              /Applications/ARM/bin/../lib/gcc/arm-none-eabi/13.2.1/../../../../arm-none-eabi/lib/thumb/v6-m/nofp/libg.a(libc_a-callocr.o) (_malloc_r)
/Applications/ARM/bin/../lib/gcc/arm-none-eabi/13.2.1/../../../../arm-none-eabi/lib/thumb/v6-m/nofp/libg.a(libc_a-mlock.o)
                              /Applications/ARM/bin/../lib/gcc/arm-none-eabi/13.2.1/../../../../arm-none-eabi/lib/thumb/v6-m/nofp/libg.a(libc_a-mallocr.o) (__malloc_lock)
/Applications/ARM/bin/../lib/gcc/arm-none-eabi/13.2.1/../../../../arm-none-eabi/lib/thumb/v6-m/nofp/libg.a(libc_a-realloc.o)
                              CMakeFiles/mac-gaming.dir/Users/aryachakrabarti/Desktop/pico-sdk/src/rp2_common/pico_malloc/malloc.c.o (realloc)
/Applications/ARM/bin/../lib/gcc/arm-none-eabi/13.2.1/../../../../arm-none-eabi/lib/thumb/v6-m/nofp/libg.a(libc_a-reallocr.o)
                              /Applications/ARM/bin/../lib/gcc/arm-none-eabi/13.2.1/../../../../arm-none-eabi/lib/thumb/v6-m/nofp/libg.a(libc_a-realloc.o) (_realloc_r)
/Applications/ARM/bin/../lib/gcc/arm-none-eabi/13.2.1/../../../../arm-none-eabi/lib/thumb/v6-m/nofp/libg.a(libc_a-memcmp.o)
                              CMakeFiles/mac-gaming.dir/Users/aryachakrabarti/Desktop/pico-sdk/src/rp2_common/pico_atomic/atomic.c.o (memcmp)
/Applications/ARM/bin/../lib/gcc/arm-none-eabi/13.2.1/../../../../arm-none-eabi/lib/thumb/v6-m/nofp/libg.a(libc_a-memmove.o)
                              /Applications/ARM/bin/../lib/gcc/arm-none-eabi/13.2.1/../../../../arm-none-eabi/lib/thumb/v6-m/nofp/libg.a(libc_a-reallocr.o) (memmove)
/Applications/ARM/bin/../lib/gcc/arm-none-eabi/13.2.1/../../../../arm-none-eabi/lib/thumb/v6-m/nofp/libg.a(libc_a-lcltime_r.o)
                              CMakeFiles/mac-gaming.dir/Users/aryachakrabarti/Desktop/pico-sdk/src/common/pico_util/datetime.c.o (localtime_r)
/Applications/ARM/bin/../lib/gcc/arm-none-eabi/13.2.1/../../../../arm-none-eabi/lib/thumb/v6-m/nofp/libg.a(libc_a-mktime.o)
                              CMakeFiles/mac-gaming.dir/Users/aryachakrabarti/Desktop/pico-sdk/src/common/pico_util/datetime.c.o (mktime)
/Applications/ARM/bin/../lib/gcc/arm-none-eabi/13.2.1/../../../../arm-none-eabi/lib/thumb/v6-m/nofp/libg.a(libc_a-month_lengths.o)
                              /Applications/ARM/bin/../lib/gcc/arm-none-eabi/13.2.1/../../../../arm-none-eabi/lib/thumb/v6-m/nofp/libg.a(libc_a-lcltime_r.o) (__month_lengths)
/Applications/ARM/bin/../lib/gcc/arm-none-eabi/13.2.1/../../../../arm-none-eabi/lib/thumb/v6-m/nofp/libg.a(libc_a-tzcalc_limits.o)
                              /Applications/ARM/bin/../lib/gcc/arm-none-eabi/13.2.1/../../../../arm-none-eabi/lib/thumb/v6-m/nofp/libg.a(libc_a-lcltime_r.o) (__tzcalc_limits)
/Applications/ARM/bin/../lib/gcc/arm-none-eabi/13.2.1/../../../../arm-none-eabi/lib/thumb/v6-m/nofp/libg.a(libc_a-tzlock.o)
                              /Applications/ARM/bin/../lib/gcc/arm-none-eabi/13.2.1/../../../../arm-none-eabi/lib/thumb/v6-m/nofp/libg.a(libc_a-lcltime_r.o) (__tz_lock)
/Applications/ARM/bin/../lib/gcc/arm-none-eabi/13.2.1/../../../../arm-none-eabi/lib/thumb/v6-m/nofp/libg.a(libc_a-tzset.o)
                              /Applications/ARM/bin/../lib/gcc/arm-none-eabi/13.2.1/../../../../arm-none-eabi/lib/thumb/v6-m/nofp/libg.a(libc_a-lcltime_r.o) (_tzset_unlocked)
/Applications/ARM/bin/../lib/gcc/arm-none-eabi/13.2.1/../../../../arm-none-eabi/lib/thumb/v6-m/nofp/libg.a(libc_a-tzset_r.o)
                              /Applications/ARM/bin/../lib/gcc/arm-none-eabi/13.2.1/../../../../arm-none-eabi/lib/thumb/v6-m/nofp/libg.a(libc_a-tzset.o) (_tzset_unlocked_r)
/Applications/ARM/bin/../lib/gcc/arm-none-eabi/13.2.1/../../../../arm-none-eabi/lib/thumb/v6-m/nofp/libg.a(libc_a-tzvars.o)
[...]
Memory Configuration

Name             Origin             Length             Attributes
FLASH            0x10000000         0x00200000         xr
RAM              0x20000000         0x00040000         xrw
SCRATCH_X        0x20040000         0x00001000         xrw
SCRATCH_Y        0x20041000         0x00001000         xrw
*default*        0x00000000         0xffffffff

Linker script and memory map

LOAD /Applications/ARM/bin/../lib/gcc/arm-none-eabi/13.2.1/thumb/v6-m/nofp/crti.o
LOAD /Applications/ARM/bin/../lib/gcc/arm-none-eabi/13.2.1/thumb/v6-m/nofp/crtbegin.o
LOAD /Applications/ARM/bin/../lib/gcc/arm-none-eabi/13.2.1/../../../../arm-none-eabi/lib/thumb/v6-m/nofp/crt0.o

.flash_begin    0x10000000        0x0
                0x10000000                        __flash_binary_start = .

.boot2          0x10000000      0x100
                0x10000000                        __boot2_start__ = .
 *(.boot2)
 .boot2         0x10000000      0x100 pico-sdk/src/rp2040/boot_stage2/CMakeFiles/bs2_default_library.dir/bs2_default_padded_checksummed.S.o
                0x10000100                        __boot2_end__ = .
                0x00000001                        ASSERT (((__boot2_end__ - __boot2_start__) == 0x100), ERROR: Pico second stage bootloader must be 256 bytes in size)

.text           0x10000100     0x4b48
                0x10000100                        __logical_binary_start = .
 *(.vectors)
 .vectors       0x10000100       0xd4 CMakeFiles/mac-gaming.dir/Users/aryachakrabarti/Desktop/pico-sdk/src/rp2_common/pico_crt0/crt0.S.o
                0x10000100                __VECTOR_TABLE
                0x10000100                __vectors
                0x100001c0                isr_irq13
                0x100001c0                isr_irq27
                0x100001c0                isr_irq31
                0x100001c0                isr_irq5
                0x100001c0                isr_irq11
                0x100001c0                isr_irq23
                0x100001c0                isr_irq18
                0x100001c0                isr_irq9
                0x100001c0                __unhandled_user_irq
                0x100001c0                isr_irq25
                0x100001c0                isr_irq4
                0x100001c0                isr_irq16
                0x100001c0                isr_irq29
                0x100001c0                isr_irq26
                0x100001c0                isr_irq3
                0x100001c0                isr_irq12
                0x100001c0                isr_irq30
                0x100001c0                isr_irq28
                0x100001c0                isr_irq19
                0x100001c0                isr_irq0
                0x100001c0                isr_irq6
                0x100001c0                isr_irq22
                0x100001c0                isr_irq17
                0x100001c0                isr_irq14
                0x100001c0                __vectors_end
                0x100001c0                __default_isrs_start
                0x100001c0                isr_irq2
                0x100001c0                isr_irq10
                0x100001c0                isr_irq8
                0x100001c0                isr_irq24
                0x100001c0                isr_irq1
                0x100001c0                isr_irq7
                0x100001c0                isr_irq21
                0x100001c0                isr_irq20
                0x100001c0                isr_irq15
                0x100001c6                unhandled_user_irq_num_in_r0
                0x100001c8                isr_invalid
                0x100001ca                isr_nmi
                0x100001cc                isr_hardfault
                0x100001ce                isr_svcall
                0x100001d0                isr_pendsv
                0x100001d2                isr_systick
                0x100001d4                __default_isrs_end
 *(.binary_info_header)
 .binary_info_header
                0x100001d4       0x14 CMakeFiles/mac-gaming.dir/Users/aryachakrabarti/Desktop/pico-sdk/src/rp2_common/pico_crt0/crt0.S.o
                0x100001e8                        __binary_info_header_end = .
 *(.embedded_block)
                0x100001e8                        __embedded_block_end = .
 *(.reset)
 .reset         0x100001e8       0x9c CMakeFiles/mac-gaming.dir/Users/aryachakrabarti/Desktop/pico-sdk/src/rp2_common/pico_crt0/crt0.S.o
                0x100001e8                _entry_point
 *(.init)
 .init          0x10000284        0x4 /Applications/ARM/bin/../lib/gcc/arm-none-eabi/13.2.1/thumb/v6-m/nofp/crti.o
                0x10000284                _init
 *(EXCLUDE_FILE(*libm.a: *libc.a:*lib_a-mem*.o *libgcc.a:) .text*)
 .text.register_tm_clones
                0x10000288       0x28 /Applications/ARM/bin/../lib/gcc/arm-none-eabi/13.2.1/thumb/v6-m/nofp/crtbegin.o
 .text.frame_dummy
                0x100002b0       0x24 /Applications/ARM/bin/../lib/gcc/arm-none-eabi/13.2.1/thumb/v6-m/nofp/crtbegin.o
 .text.update_display
                0x100002d4       0x34 CMakeFiles/mac-gaming.dir/src/main.c.o
                0x100002d4                update_display
 .text.startup.main
                0x10000308      0x124 CMakeFiles/mac-gaming.dir/src/main.c.o
                0x10000308                main
 .text.matrix_init
                0x1000042c       0x60 CMakeFiles/mac-gaming.dir/src/matrix.c.o
                0x1000042c                matrix_init
 .text.matrix_scan
                0x1000048c      0x184 CMakeFiles/mac-gaming.dir/src/matrix.c.o
                0x1000048c                matrix_scan
 .text.matrix_key_pressed
                0x10000610       0x28 CMakeFiles/mac-gaming.dir/src/matrix.c.o
                0x10000610                matrix_key_pressed
 .text.matrix_key_released
                0x10000638       0x28 CMakeFiles/mac-gaming.dir/src/matrix.c.o
                0x10000638                matrix_key_released
 .text.encoder_callback
                0x10000660       0x44 CMakeFiles/mac-gaming.dir/src/encoder.c.o
 .text.encoder_init
                0x100006a4       0x50 CMakeFiles/mac-gaming.dir/src/encoder.c.o
                0x100006a4                encoder_init
 .text.encoder_get_delta
                0x100006f4       0x20 CMakeFiles/mac-gaming.dir/src/encoder.c.o
                0x100006f4                encoder_get_delta
 .text.i2c_write_byte.isra.0
                0x10000714       0x80 CMakeFiles/mac-gaming.dir/src/oled.c.o
 .text.oled_init
                0x10000794      0x710 CMakeFiles/mac-gaming.dir/src/oled.c.o
                0x10000794                oled_init
 .text.oled_update
                0x10000ea4      0x190 CMakeFiles/mac-gaming.dir/src/oled.c.o
                0x10000ea4                oled_update
 .text.oled_draw_grid
                0x10001034      0x184 CMakeFiles/mac-gaming.dir/src/oled.c.o
                0x10001034                oled_draw_grid
 .text.usb_hid_init
                0x100011b8        0xc CMakeFiles/mac-gaming.dir/src/usb_hid.c.o
                0x100011b8                usb_hid_init
 .text.usb_hid_send_key
                0x100011c4       0x38 CMakeFiles/mac-gaming.dir/src/usb_hid.c.o
                0x100011c4                usb_hid_send_key
 .text.usb_hid_release_all
                0x100011fc       0x2c CMakeFiles/mac-gaming.dir/src/usb_hid.c.o
                0x100011fc                usb_hid_release_all
 .text.tud_hid_descriptor_report_cb
                0x10001228        0x8 CMakeFiles/mac-gaming.dir/src/usb_hid.c.o
                0x10001228                tud_hid_descriptor_report_cb
 .text.tud_hid_get_report_cb
                0x10001230        0x4 CMakeFiles/mac-gaming.dir/src/usb_hid.c.o
                0x10001230                tud_hid_get_report_cb
 .text.tud_hid_set_report_cb
                0x10001234        0x4 CMakeFiles/mac-gaming.dir/src/usb_hid.c.o
                0x10001234                tud_hid_set_report_cb
 .text.tud_descriptor_device_cb
                0x10001238        0x8 CMakeFiles/mac-gaming.dir/src/usb_descriptors.c.o
                0x10001238                tud_descriptor_device_cb
 .text.tud_descriptor_configuration_cb
                0x10001240        0x8 CMakeFiles/mac-gaming.dir/src/usb_descriptors.c.o
                0x10001240                tud_descriptor_configuration_cb
 .text.tud_descriptor_string_cb
                0x10001248       0x70 CMakeFiles/mac-gaming.dir/src/usb_descriptors.c.o
                0x10001248                tud_descriptor_string_cb
 .text.gpio_default_irq_handler
                0x100012b8      0x274 CMakeFiles/mac-gaming.dir/Users/aryachakrabarti/Desktop/pico-sdk/src/rp2_common/hardware_gpio/gpio.c.o
 .text.gpio_set_pulls
                0x1000152c       0x28 CMakeFiles/mac-gaming.dir/Users/aryachakrabarti/Desktop/pico-sdk/src/rp2_common/hardware_gpio/gpio.c.o
                0x1000152c                gpio_set_pulls
 .text.gpio_set_irq_enabled
                0x10001554       0x58 CMakeFiles/mac-gaming.dir/Users/aryachakrabarti/Desktop/pico-sdk/src/rp2_common/hardware_gpio/gpio.c.o
                0x10001554                gpio_set_irq_enabled
 .text.gpio_set_irq_enabled_with_callback
                0x100015ac       0xd0 CMakeFiles/mac-gaming.dir/Users/aryachakrabarti/Desktop/pico-sdk/src/rp2_common/hardware_gpio/gpio.c.o
                0x100015ac                gpio_set_irq_enabled_with_callback
 .text.gpio_init
                0x1000167c       0x40 CMakeFiles/mac-gaming.dir/Users/aryachakrabarti/Desktop/pico-sdk/src/rp2_common/hardware_gpio/gpio.c.o
                0x1000167c                gpio_init
 .text.rp2040_chip_version
                0x100016bc        0xc CMakeFiles/mac-gaming.dir/Users/aryachakrabarti/Desktop/pico-sdk/src/rp2040/pico_platform/platform.c.o
                0x100016bc                rp2040_chip_version
 .text.panic    0x100016c8       0x30 CMakeFiles/mac-gaming.dir/Users/aryachakrabarti/Desktop/pico-sdk/src/rp2_common/pico_platform_panic/panic.c.o
                0x100016c8                panic
 .text.hw_claim_or_assert
                0x100016f8       0x44 CMakeFiles/mac-gaming.dir/Users/aryachakrabarti/Desktop/pico-sdk/src/common/hardware_claim/claim.c.o
                0x100016f8                hw_claim_or_assert
 .text.hw_claim_unused_from_range
                0x1000173c       0x9c CMakeFiles/mac-gaming.dir/Users/aryachakrabarti/Desktop/pico-sdk/src/common/hardware_claim/claim.c.o
                0x1000173c                hw_claim_unused_from_range
 .text.next_striped_spin_lock_num
                0x100017d8       0x18 CMakeFiles/mac-gaming.dir/Users/aryachakrabarti/Desktop/pico-sdk/src/rp2_common/hardware_sync/sync.c.o
                0x100017d8                next_striped_spin_lock_num
 .text.spin_lock_claim_unused
                0x100017f0       0x24 CMakeFiles/mac-gaming.dir/Users/aryachakrabarti/Desktop/pico-sdk/src/rp2_common/hardware_sync/sync.c.o
                0x100017f0                spin_lock_claim_unused
 .text.spin_locks_reset
                0x10001814       0x1c CMakeFiles/mac-gaming.dir/Users/aryachakrabarti/Desktop/pico-sdk/src/rp2_common/hardware_sync_spin_lock/sync_spin_lock.c.o
                0x10001814                spin_locks_reset
 .text.runtime_init_per_core_irq_priorities
                0x10001830       0x24 CMakeFiles/mac-gaming.dir/Users/aryachakrabarti/Desktop/pico-sdk/src/rp2_common/hardware_irq/irq.c.o
                0x10001830                runtime_init_per_core_irq_priorities
 .text.irq_set_enabled
                0x10001854       0x24 CMakeFiles/mac-gaming.dir/Users/aryachakrabarti/Desktop/pico-sdk/src/rp2_common/hardware_irq/irq.c.o
                0x10001854                irq_set_enabled
 .text.irq_set_exclusive_handler
                0x10001878       0x54 CMakeFiles/mac-gaming.dir/Users/aryachakrabarti/Desktop/pico-sdk/src/rp2_common/hardware_irq/irq.c.o
                0x10001878                irq_set_exclusive_handler
 .text.irq_add_shared_handler
                0x100018cc      0x1f4 CMakeFiles/mac-gaming.dir/Users/aryachakrabarti/Desktop/pico-sdk/src/rp2_common/hardware_irq/irq.c.o
                0x100018cc                irq_add_shared_handler
 .text.irq_remove_handler
                0x10001ac0      0x1d4 CMakeFiles/mac-gaming.dir/Users/aryachakrabarti/Desktop/pico-sdk/src/rp2_common/hardware_irq/irq.c.o
                0x10001ac0                irq_remove_handler
 .text.irq_add_tail_to_free_list
                0x10001c94       0xb4 CMakeFiles/mac-gaming.dir/Users/aryachakrabarti/Desktop/pico-sdk/src/rp2_common/hardware_irq/irq.c.o
                0x10001c94                irq_add_tail_to_free_list
 .text.lock_init
                0x10001d48       0x10 CMakeFiles/mac-gaming.dir/Users/aryachakrabarti/Desktop/pico-sdk/src/common/pico_sync/lock_core.c.o
                0x10001d48                lock_init
 .text.runtime_init_mutex
                0x10001d58       0x50 CMakeFiles/mac-gaming.dir/Users/aryachakrabarti/Desktop/pico-sdk/src/common/pico_sync/mutex.c.o
                0x10001d58                runtime_init_mutex
 .text.mutex_init
                0x10001da8       0x1c CMakeFiles/mac-gaming.dir/Users/aryachakrabarti/Desktop/pico-sdk/src/common/pico_sync/mutex.c.o
                0x10001da8                mutex_init
 .text.critical_section_init
                0x10001dc4       0x1c CMakeFiles/mac-gaming.dir/Users/aryachakrabarti/Desktop/pico-sdk/src/common/pico_sync/critical_section.c.o
                0x10001dc4                critical_section_init
 .text.sleep_until_callback
                0x10001de0       0x30 CMakeFiles/mac-gaming.dir/Users/aryachakrabarti/Desktop/pico-sdk/src/common/pico_time/time.c.o
 .text.alarm_pool_irq_handler
                0x10001e10      0x2fc CMakeFiles/mac-gaming.dir/Users/aryachakrabarti/Desktop/pico-sdk/src/common/pico_time/time.c.o
 .text.runtime_init_default_alarm_pool
                0x1000210c       0xdc CMakeFiles/mac-gaming.dir/Users/aryachakrabarti/Desktop/pico-sdk/src/common/pico_time/time.c.o
                0x1000210c                runtime_init_default_alarm_pool
 .text.alarm_pool_add_alarm_at_force_in_context
                0x100021e8       0xb0 CMakeFiles/mac-gaming.dir/Users/aryachakrabarti/Desktop/pico-sdk/src/common/pico_time/time.c.o
                0x100021e8                alarm_pool_add_alarm_at_force_in_context
 .text.alarm_pool_cancel_alarm
                0x10002298       0x74 CMakeFiles/mac-gaming.dir/Users/aryachakrabarti/Desktop/pico-sdk/src/common/pico_time/time.c.o
                0x10002298                alarm_pool_cancel_alarm
 .text.sleep_until
                0x1000230c       0xd8 CMakeFiles/mac-gaming.dir/Users/aryachakrabarti/Desktop/pico-sdk/src/common/pico_time/time.c.o
                0x1000230c                sleep_until
 .text.sleep_us
                0x100023e4       0x28 CMakeFiles/mac-gaming.dir/Users/aryachakrabarti/Desktop/pico-sdk/src/common/pico_time/time.c.o
                0x100023e4                sleep_us
 .text.sleep_ms
                0x1000240c       0x38 CMakeFiles/mac-gaming.dir/Users/aryachakrabarti/Desktop/pico-sdk/src/common/pico_time/time.c.o
                0x1000240c                sleep_ms
 .text.best_effort_wfe_or_timeout
                0x10002444       0xf8 CMakeFiles/mac-gaming.dir/Users/aryachakrabarti/Desktop/pico-sdk/src/common/pico_time/time.c.o
                0x10002444                best_effort_wfe_or_timeout
 .text.timer_hardware_alarm_claim
                0x1000253c       0x14 CMakeFiles/mac-gaming.dir/Users/aryachakrabarti/Desktop/pico-sdk/src/rp2_common/hardware_timer/timer.c.o
                0x1000253c                timer_hardware_alarm_claim
 .text.timer_time_us_64
                0x10002550       0x10 CMakeFiles/mac-gaming.dir/Users/aryachakrabarti/Desktop/pico-sdk/src/rp2_common/hardware_timer/timer.c.o
                0x10002550                timer_time_us_64
 .text.time_us_64
                0x10002560       0x14 CMakeFiles/mac-gaming.dir/Users/aryachakrabarti/Desktop/pico-sdk/src/rp2_common/hardware_timer/timer.c.o
                0x10002560                time_us_64
 .text.busy_wait_until
                0x10002574       0x20 CMakeFiles/mac-gaming.dir/Users/aryachakrabarti/Desktop/pico-sdk/src/rp2_common/hardware_timer/timer.c.o
                0x10002574                busy_wait_until
 .text.clock_configure_int_divider
                0x10002594       0xf4 CMakeFiles/mac-gaming.dir/Users/aryachakrabarti/Desktop/pico-sdk/src/rp2_common/hardware_clocks/clocks.c.o
                0x10002594                clock_configure_int_divider
 .text.clock_configure_undivided
                0x10002688       0xe8 CMakeFiles/mac-gaming.dir/Users/aryachakrabarti/Desktop/pico-sdk/src/rp2_common/hardware_clocks/clocks.c.o
                0x10002688                clock_configure_undivided
 .text.clock_get_hz
                0x10002770        0xc CMakeFiles/mac-gaming.dir/Users/aryachakrabarti/Desktop/pico-sdk/src/rp2_common/hardware_clocks/clocks.c.o
                0x10002770                clock_get_hz
 .text.pll_init
                0x1000277c       0xa4 CMakeFiles/mac-gaming.dir/Users/aryachakrabarti/Desktop/pico-sdk/src/rp2_common/hardware_pll/pll.c.o
                0x1000277c                pll_init
 .text.tick_start
                0x10002820       0x10 CMakeFiles/mac-gaming.dir/Users/aryachakrabarti/Desktop/pico-sdk/src/rp2_common/hardware_ticks/ticks.c.o
                0x10002820                tick_start
 .text.rom_func_lookup
                0x10002830       0x10 CMakeFiles/mac-gaming.dir/Users/aryachakrabarti/Desktop/pico-sdk/src/rp2_common/pico_bootrom/bootrom.c.o
                0x10002830                rom_func_lookup
 .text.rom_data_lookup
                0x10002840       0x10 CMakeFiles/mac-gaming.dir/Users/aryachakrabarti/Desktop/pico-sdk/src/rp2_common/pico_bootrom/bootrom.c.o
                0x10002840                rom_data_lookup
 .text.rom_funcs_lookup
                0x10002850       0x44 CMakeFiles/mac-gaming.dir/Users/aryachakrabarti/Desktop/pico-sdk/src/rp2_common/pico_bootrom/bootrom.c.o
                0x10002850                rom_funcs_lookup
 .text.xosc_init
                0x10002894       0x28 CMakeFiles/mac-gaming.dir/Users/aryachakrabarti/Desktop/pico-sdk/src/rp2_common/hardware_xosc/xosc.c.o
                0x10002894                xosc_init
 .text.first_per_core_initializer
                0x100028bc        0x4 CMakeFiles/mac-gaming.dir/Users/aryachakrabarti/Desktop/pico-sdk/src/rp2_common/pico_runtime/runtime.c.o
 .text.hard_assertion_failure
                0x100028c0        0xc CMakeFiles/mac-gaming.dir/Users/aryachakrabarti/Desktop/pico-sdk/src/rp2_common/pico_runtime/runtime.c.o
                0x100028c0                hard_assertion_failure
 .text.runtime_run_initializers
                0x100028cc       0x28 CMakeFiles/mac-gaming.dir/Users/aryachakrabarti/Desktop/pico-sdk/src/rp2_common/pico_runtime/runtime.c.o
                0x100028cc                runtime_run_initializers
 .text.runtime_init_early_resets
                0x100028f4       0x2c CMakeFiles/mac-gaming.dir/Users/aryachakrabarti/Desktop/pico-sdk/src/rp2_common/pico_runtime_init/runtime_init.c.o
                0x100028f4                runtime_init_early_resets
 .text.runtime_init_usb_power_down
                0x10002920       0x1c CMakeFiles/mac-gaming.dir/Users/aryachakrabarti/Desktop/pico-sdk/src/rp2_common/pico_runtime_init/runtime_init.c.o
                0x10002920                runtime_init_usb_power_down
 .text.runtime_init_post_clock_resets
                0x1000293c       0x20 CMakeFiles/mac-gaming.dir/Users/aryachakrabarti/Desktop/pico-sdk/src/rp2_common/pico_runtime_init/runtime_init.c.o
                0x1000293c                runtime_init_post_clock_resets
 .text.runtime_init_rp2040_gpio_ie_disable
                0x1000295c       0x14 CMakeFiles/mac-gaming.dir/Users/aryachakrabarti/Desktop/pico-sdk/src/rp2_common/pico_runtime_init/runtime_init.c.o
                0x1000295c                runtime_init_rp2040_gpio_ie_disable
 .text.runtime_init_spin_locks_reset
                0x10002970        0x8 CMakeFiles/mac-gaming.dir/Users/aryachakrabarti/Desktop/pico-sdk/src/rp2_common/pico_runtime_init/runtime_init.c.o
                0x10002970                runtime_init_spin_locks_reset
 .text.runtime_init_install_ram_vector_table
                0x10002978       0xb4 CMakeFiles/mac-gaming.dir/Users/aryachakrabarti/Desktop/pico-sdk/src/rp2_common/pico_runtime_init/runtime_init.c.o
                0x10002978                runtime_init_install_ram_vector_table
 .text.runtime_init_clocks
                0x10002a2c       0xd8 CMakeFiles/mac-gaming.dir/Users/aryachakrabarti/Desktop/pico-sdk/src/rp2_common/pico_runtime_init/runtime_init_clocks.c.o
                0x10002a2c                runtime_init_clocks
 .text          0x10002b04       0x10 CMakeFiles/mac-gaming.dir/Users/aryachakrabarti/Desktop/pico-sdk/src/rp2_common/pico_bit_ops/bit_ops_aeabi.S.o
 .text.__wrap___aeabi_idiv
                0x10002b14       0x50 CMakeFiles/mac-gaming.dir/Users/aryachakrabarti/Desktop/pico-sdk/src/rp2_common/pico_divider/divider_hardware.S.o
                0x10002b14                __wrap___aeabi_idivmod
                0x10002b14                divmod_s32s32
                0x10002b14                div_s32s32
                0x10002b14                __wrap___aeabi_idiv
                0x10002b1c                divmod_s32s32_unsafe
                0x10002b48                divmod_s32s32_savestate
 .text.__wrap___aeabi_uidiv
                0x10002b64       0x4c CMakeFiles/mac-gaming.dir/Users/aryachakrabarti/Desktop/pico-sdk/src/rp2_common/pico_divider/divider_hardware.S.o
                0x10002b64                __wrap___aeabi_uidiv
                0x10002b64                __wrap___aeabi_uidivmod
                0x10002b64                div_u32u32
                0x10002b64                divmod_u32u32
                0x10002b6c                divmod_u32u32_unsafe
                0x10002b94                divmod_u32u32_savestate
 .text.__wrap___aeabi_ldiv
                0x10002bb0      0x424 CMakeFiles/mac-gaming.dir/Users/aryachakrabarti/Desktop/pico-sdk/src/rp2_common/pico_divider/divider_hardware.S.o
                0x10002bb0                __wrap___aeabi_ldivmod
                0x10002bb0                div_s64s64
                0x10002bb0                divmod_s64s64
                0x10002be0                divmod_u64u64
                0x10002be0                div_u64u64
                0x10002be0                __wrap___aeabi_uldivmod
                0x10002bf0                divmod_u64u64_savestate
                0x10002c10                divmod_s64s64_unsafe
                0x10002c98                divmod_u64u64_unsafe
 .text.__aeabi_double_init
                0x10002fd4       0xa4 CMakeFiles/mac-gaming.dir/Users/aryachakrabarti/Desktop/pico-sdk/src/rp2_common/pico_double/double_init_rom_rp2040.c.o
                0x10002fd4                __aeabi_double_init
 .text.double_table_shim_on_use_helper
                0x10003078       0x2c CMakeFiles/mac-gaming.dir/Users/aryachakrabarti/Desktop/pico-sdk/src/rp2_common/pico_double/double_v1_rom_shim_rp2040.S.o
                0x10003078                double_table_shim_on_use_helper
 .text.__aeabi_lmul
                0x100030a4       0x32 CMakeFiles/mac-gaming.dir/Users/aryachakrabarti/Desktop/pico-sdk/src/rp2_common/pico_int64_ops/pico_int64_ops_aeabi.S.o
                0x100030a4                __wrap___aeabi_lmul
 *fill*         0x100030d6        0x2 
 .text.__aeabi_float_init
                0x100030d8       0x64 CMakeFiles/mac-gaming.dir/Users/aryachakrabarti/Desktop/pico-sdk/src/rp2_common/pico_float/float_init_rom_rp2040.c.o
                0x100030d8                __aeabi_float_init
 .text.float_table_shim_on_use_helper
                0x1000313c       0x2c CMakeFiles/mac-gaming.dir/Users/aryachakrabarti/Desktop/pico-sdk/src/rp2_common/pico_float/float_v1_rom_shim_rp2040.S.o
                0x1000313c                float_table_shim_on_use_helper
 .text          0x10003168       0x10 CMakeFiles/mac-gaming.dir/Users/aryachakrabarti/Desktop/pico-sdk/src/rp2_common/pico_mem_ops/mem_ops_aeabi.S.o
                0x10003168                __aeabi_mem_init
 .text.memset   0x10003178        0xc CMakeFiles/mac-gaming.dir/Users/aryachakrabarti/Desktop/pico-sdk/src/rp2_common/pico_mem_ops/mem_ops_aeabi.S.o
                0x10003178                __wrap_memset
 .text.memcpy   0x10003184        0xc CMakeFiles/mac-gaming.dir/Users/aryachakrabarti/Desktop/pico-sdk/src/rp2_common/pico_mem_ops/mem_ops_aeabi.S.o
                0x10003184                __wrap___aeabi_memcpy
                0x10003184                __wrap_memcpy
 .text._out_char
                0x10003190       0x10 CMakeFiles/mac-gaming.dir/Users/aryachakrabarti/Desktop/pico-sdk/src/rp2_common/pico_printf/printf.c.o
 .text.weak_raw_vprintf
                0x100031a0       0x30 CMakeFiles/mac-gaming.dir/Users/aryachakrabarti/Desktop/pico-sdk/src/rp2_common/pico_printf/printf.c.o
                0x100031a0                weak_raw_vprintf
 .text._exit    0x100031d0        0x4 CMakeFiles/mac-gaming.dir/Users/aryachakrabarti/Desktop/pico-sdk/src/rp2_common/pico_clib_interface/newlib_interface.c.o
                0x100031d0                _exit
 .text.exit     0x100031d4        0x8 CMakeFiles/mac-gaming.dir/Users/aryachakrabarti/Desktop/pico-sdk/src/rp2_common/pico_clib_interface/newlib_interface.c.o
                0x100031d4                exit
 .text.runtime_init
                0x100031dc       0x2c CMakeFiles/mac-gaming.dir/Users/aryachakrabarti/Desktop/pico-sdk/src/rp2_common/pico_clib_interface/newlib_interface.c.o
                0x100031dc                runtime_init
 .text.stdio_out_chars_no_crlf
                0x10003208       0x10 CMakeFiles/mac-gaming.dir/Users/aryachakrabarti/Desktop/pico-sdk/src/rp2_common/pico_stdio/stdio.c.o
 .text.stdio_out_chars_crlf
                0x10003218       0x94 CMakeFiles/mac-gaming.dir/Users/aryachakrabarti/Desktop/pico-sdk/src/rp2_common/pico_stdio/stdio.c.o
 .text.stdio_put_string
                0x100032ac      0x100 CMakeFiles/mac-gaming.dir/Users/aryachakrabarti/Desktop/pico-sdk/src/rp2_common/pico_stdio/stdio.c.o
                0x100032ac                stdio_put_string
 .text.stdio_init_all
                0x100033ac        0x4 CMakeFiles/mac-gaming.dir/Users/aryachakrabarti/Desktop/pico-sdk/src/rp2_common/pico_stdio/stdio.c.o
                0x100033ac                stdio_init_all
 .text.__wrap_putchar
                0x100033b0       0x98 CMakeFiles/mac-gaming.dir/Users/aryachakrabarti/Desktop/pico-sdk/src/rp2_common/pico_stdio/stdio.c.o
                0x100033b0                stdio_putchar
                0x100033b0                __wrap_putchar
 .text.__wrap_puts
                0x10003448       0x3c CMakeFiles/mac-gaming.dir/Users/aryachakrabarti/Desktop/pico-sdk/src/rp2_common/pico_stdio/stdio.c.o
                0x10003448                __wrap_puts
                0x10003448                stdio_puts
 .text.dcd_init
                0x10003484       0x90 CMakeFiles/mac-gaming.dir/Users/aryachakrabarti/Desktop/pico-sdk/lib/tinyusb/src/portable/raspberrypi/rp2040/dcd_rp2040.c.o
                0x10003484                dcd_init
 .text.dcd_int_enable
                0x10003514        0xc CMakeFiles/mac-gaming.dir/Users/aryachakrabarti/Desktop/pico-sdk/lib/tinyusb/src/portable/raspberrypi/rp2040/dcd_rp2040.c.o
                0x10003514                dcd_int_enable
 .text.dcd_set_address
                0x10003520       0x14 CMakeFiles/mac-gaming.dir/Users/aryachakrabarti/Desktop/pico-sdk/lib/tinyusb/src/portable/raspberrypi/rp2040/dcd_rp2040.c.o
                0x10003520                dcd_set_address
 .text.dcd_sof_enable
                0x10003534       0x1c CMakeFiles/mac-gaming.dir/Users/aryachakrabarti/Desktop/pico-sdk/lib/tinyusb/src/portable/raspberrypi/rp2040/dcd_rp2040.c.o
                0x10003534                dcd_sof_enable
 .text.dcd_edpt0_status_complete
                0x10003550       0x1c CMakeFiles/mac-gaming.dir/Users/aryachakrabarti/Desktop/pico-sdk/lib/tinyusb/src/portable/raspberrypi/rp2040/dcd_rp2040.c.o
                0x10003550                dcd_edpt0_status_complete
 .text.dcd_edpt_open
                0x1000356c      0x114 CMakeFiles/mac-gaming.dir/Users/aryachakrabarti/Desktop/pico-sdk/lib/tinyusb/src/portable/raspberrypi/rp2040/dcd_rp2040.c.o
                0x1000356c                dcd_edpt_open
 .text.dcd_edpt_close_all
                0x10003680        0x8 CMakeFiles/mac-gaming.dir/Users/aryachakrabarti/Desktop/pico-sdk/lib/tinyusb/src/portable/raspberrypi/rp2040/dcd_rp2040.c.o
                0x10003680                dcd_edpt_close_all
 .text.dcd_edpt_xfer
                0x10003688       0x24 CMakeFiles/mac-gaming.dir/Users/aryachakrabarti/Desktop/pico-sdk/lib/tinyusb/src/portable/raspberrypi/rp2040/dcd_rp2040.c.o
                0x10003688                dcd_edpt_xfer
 .text.dcd_edpt_stall
                0x100036ac       0x34 CMakeFiles/mac-gaming.dir/Users/aryachakrabarti/Desktop/pico-sdk/lib/tinyusb/src/portable/raspberrypi/rp2040/dcd_rp2040.c.o
                0x100036ac                dcd_edpt_stall
 .text.dcd_edpt_clear_stall
                0x100036e0       0x30 CMakeFiles/mac-gaming.dir/Users/aryachakrabarti/Desktop/pico-sdk/lib/tinyusb/src/portable/raspberrypi/rp2040/dcd_rp2040.c.o
                0x100036e0                dcd_edpt_clear_stall
 .text.rp2040_usb_init
                0x10003710       0x40 CMakeFiles/mac-gaming.dir/Users/aryachakrabarti/Desktop/pico-sdk/lib/tinyusb/src/portable/raspberrypi/rp2040/rp2040_usb.c.o
                0x10003710                rp2040_usb_init
 .text.hw_endpoint_xfer_start
                0x10003750       0x40 CMakeFiles/mac-gaming.dir/Users/aryachakrabarti/Desktop/pico-sdk/lib/tinyusb/src/portable/raspberrypi/rp2040/rp2040_usb.c.o
                0x10003750                hw_endpoint_xfer_start
 .text.tud_vendor_control_xfer_cb
                0x10003790        0x4 CMakeFiles/mac-gaming.dir/Users/aryachakrabarti/Desktop/pico-sdk/lib/tinyusb/src/device/usbd.c.o
                0x10003790                tud_vendor_control_xfer_cb
 .text.tud_event_hook_cb
                0x10003794        0x4 CMakeFiles/mac-gaming.dir/Users/aryachakrabarti/Desktop/pico-sdk/lib/tinyusb/src/device/usbd.c.o
                0x10003794                tud_event_hook_cb
 .text.tud_sof_cb
                0x10003798        0x4 CMakeFiles/mac-gaming.dir/Users/aryachakrabarti/Desktop/pico-sdk/lib/tinyusb/src/device/usbd.c.o
                0x10003798                tud_sof_cb
 .text.tud_descriptor_bos_cb
                0x1000379c        0x4 CMakeFiles/mac-gaming.dir/Users/aryachakrabarti/Desktop/pico-sdk/lib/tinyusb/src/device/usbd.c.o
                0x1000379c                tud_descriptor_bos_cb
 .text.tud_descriptor_device_qualifier_cb
                0x100037a0        0x4 CMakeFiles/mac-gaming.dir/Users/aryachakrabarti/Desktop/pico-sdk/lib/tinyusb/src/device/usbd.c.o
                0x100037a0                tud_descriptor_device_qualifier_cb
 .text.tud_descriptor_other_speed_configuration_cb
                0x100037a4        0x4 CMakeFiles/mac-gaming.dir/Users/aryachakrabarti/Desktop/pico-sdk/lib/tinyusb/src/device/usbd.c.o
                0x100037a4                tud_descriptor_other_speed_configuration_cb
 .text.tud_mount_cb
                0x100037a8        0x4 CMakeFiles/mac-gaming.dir/Users/aryachakrabarti/Desktop/pico-sdk/lib/tinyusb/src/device/usbd.c.o
                0x100037a8                tud_mount_cb
 .text.tud_umount_cb
                0x100037ac        0x4 CMakeFiles/mac-gaming.dir/Users/aryachakrabarti/Desktop/pico-sdk/lib/tinyusb/src/device/usbd.c.o
                0x100037ac                tud_umount_cb
 .text.tud_suspend_cb
                0x100037b0        0x4 CMakeFiles/mac-gaming.dir/Users/aryachakrabarti/Desktop/pico-sdk/lib/tinyusb/src/device/usbd.c.o
                0x100037b0                tud_suspend_cb
 .text.tud_resume_cb
                0x100037b4        0x4 CMakeFiles/mac-gaming.dir/Users/aryachakrabarti/Desktop/pico-sdk/lib/tinyusb/src/device/usbd.c.o
                0x100037b4                tud_resume_cb
 .text.tud_mounted
                0x100037b8       0x10 CMakeFiles/mac-gaming.dir/Users/aryachakrabarti/Desktop/pico-sdk/lib/tinyusb/src/device/usbd.c.o
                0x100037b8                tud_mounted
 .text.tud_suspended
                0x100037c8       0x10 CMakeFiles/mac-gaming.dir/Users/aryachakrabarti/Desktop/pico-sdk/lib/tinyusb/src/device/usbd.c.o
                0x100037c8                tud_suspended
 .text.tud_rhport_init
                0x100037d8       0xf4 CMakeFiles/mac-gaming.dir/Users/aryachakrabarti/Desktop/pico-sdk/lib/tinyusb/src/device/usbd.c.o
                0x100037d8                tud_rhport_init
 .text.tud_task_ext
                0x100038cc      0x7c0 CMakeFiles/mac-gaming.dir/Users/aryachakrabarti/Desktop/pico-sdk/lib/tinyusb/src/device/usbd.c.o
                0x100038cc                tud_task_ext
 .text.usbd_open_edpt_pair
                0x1000408c       0x9c CMakeFiles/mac-gaming.dir/Users/aryachakrabarti/Desktop/pico-sdk/lib/tinyusb/src/device/usbd.c.o
                0x1000408c                usbd_open_edpt_pair
 .text.usbd_edpt_claim
                0x10004128       0x28 CMakeFiles/mac-gaming.dir/Users/aryachakrabarti/Desktop/pico-sdk/lib/tinyusb/src/device/usbd.c.o
                0x10004128                usbd_edpt_claim
 .text.usbd_edpt_xfer
                0x10004150       0x4c CMakeFiles/mac-gaming.dir/Users/aryachakrabarti/Desktop/pico-sdk/lib/tinyusb/src/device/usbd.c.o
                0x10004150                usbd_edpt_xfer
 .text.usbd_edpt_busy
                0x1000419c       0x1c CMakeFiles/mac-gaming.dir/Users/aryachakrabarti/Desktop/pico-sdk/lib/tinyusb/src/device/usbd.c.o
                0x1000419c                usbd_edpt_busy
 .text.tud_control_status
                0x100041b8       0x2c CMakeFiles/mac-gaming.dir/Users/aryachakrabarti/Desktop/pico-sdk/lib/tinyusb/src/device/usbd_control.c.o
                0x100041b8                tud_control_status
 .text.tud_control_xfer
                0x100041e4       0xac CMakeFiles/mac-gaming.dir/Users/aryachakrabarti/Desktop/pico-sdk/lib/tinyusb/src/device/usbd_control.c.o
                0x100041e4                tud_control_xfer
 .text.usbd_control_reset
                0x10004290       0x14 CMakeFiles/mac-gaming.dir/Users/aryachakrabarti/Desktop/pico-sdk/lib/tinyusb/src/device/usbd_control.c.o
                0x10004290                usbd_control_reset
 .text.usbd_control_set_complete_callback
                0x100042a4        0xc CMakeFiles/mac-gaming.dir/Users/aryachakrabarti/Desktop/pico-sdk/lib/tinyusb/src/device/usbd_control.c.o
                0x100042a4                usbd_control_set_complete_callback
 .text.usbd_control_set_request
                0x100042b0       0x1c CMakeFiles/mac-gaming.dir/Users/aryachakrabarti/Desktop/pico-sdk/lib/tinyusb/src/device/usbd_control.c.o
                0x100042b0                usbd_control_set_request
 .text.usbd_control_xfer_cb
                0x100042cc       0xec CMakeFiles/mac-gaming.dir/Users/aryachakrabarti/Desktop/pico-sdk/lib/tinyusb/src/device/usbd_control.c.o
                0x100042cc                usbd_control_xfer_cb
 .text.tud_hid_set_protocol_cb
                0x100043b8        0x4 CMakeFiles/mac-gaming.dir/Users/aryachakrabarti/Desktop/pico-sdk/lib/tinyusb/src/class/hid/hid_device.c.o
                0x100043b8                tud_hid_set_protocol_cb
 .text.tud_hid_set_idle_cb
                0x100043bc        0x4 CMakeFiles/mac-gaming.dir/Users/aryachakrabarti/Desktop/pico-sdk/lib/tinyusb/src/class/hid/hid_device.c.o
                0x100043bc                tud_hid_set_idle_cb
 .text.tud_hid_report_complete_cb
                0x100043c0        0x4 CMakeFiles/mac-gaming.dir/Users/aryachakrabarti/Desktop/pico-sdk/lib/tinyusb/src/class/hid/hid_device.c.o
                0x100043c0                tud_hid_report_complete_cb
 .text.tud_hid_report_failed_cb
                0x100043c4        0x4 CMakeFiles/mac-gaming.dir/Users/aryachakrabarti/Desktop/pico-sdk/lib/tinyusb/src/class/hid/hid_device.c.o
                0x100043c4                tud_hid_report_failed_cb
 .text.tud_hid_n_ready
                0x100043c8       0x38 CMakeFiles/mac-gaming.dir/Users/aryachakrabarti/Desktop/pico-sdk/lib/tinyusb/src/class/hid/hid_device.c.o
                0x100043c8                tud_hid_n_ready
 .text.tud_hid_n_keyboard_report
                0x10004400       0xac CMakeFiles/mac-gaming.dir/Users/aryachakrabarti/Desktop/pico-sdk/lib/tinyusb/src/class/hid/hid_device.c.o
                0x10004400                tud_hid_n_keyboard_report
 .text.hidd_init
                0x100044ac       0x14 CMakeFiles/mac-gaming.dir/Users/aryachakrabarti/Desktop/pico-sdk/lib/tinyusb/src/class/hid/hid_device.c.o
                0x100044ac                hidd_init
 .text.hidd_deinit
                0x100044c0        0x4 CMakeFiles/mac-gaming.dir/Users/aryachakrabarti/Desktop/pico-sdk/lib/tinyusb/src/class/hid/hid_device.c.o
                0x100044c0                hidd_deinit
 .text.hidd_reset
                0x100044c4       0x14 CMakeFiles/mac-gaming.dir/Users/aryachakrabarti/Desktop/pico-sdk/lib/tinyusb/src/class/hid/hid_device.c.o
                0x100044c4                hidd_reset
 .text.hidd_open
                0x100044d8       0xa8 CMakeFiles/mac-gaming.dir/Users/aryachakrabarti/Desktop/pico-sdk/lib/tinyusb/src/class/hid/hid_device.c.o
                0x100044d8                hidd_open
 .text.hidd_control_xfer_cb
                0x10004580      0x218 CMakeFiles/mac-gaming.dir/Users/aryachakrabarti/Desktop/pico-sdk/lib/tinyusb/src/class/hid/hid_device.c.o
                0x10004580                hidd_control_xfer_cb
 .text.hidd_xfer_cb
                0x10004798       0xa4 CMakeFiles/mac-gaming.dir/Users/aryachakrabarti/Desktop/pico-sdk/lib/tinyusb/src/class/hid/hid_device.c.o
                0x10004798                hidd_xfer_cb
 .text.tusb_rhport_init
                0x1000483c       0x48 CMakeFiles/mac-gaming.dir/Users/aryachakrabarti/Desktop/pico-sdk/lib/tinyusb/src/tusb.c.o
                0x1000483c                tusb_rhport_init
 .text.tu_edpt_claim
                0x10004884       0x50 CMakeFiles/mac-gaming.dir/Users/aryachakrabarti/Desktop/pico-sdk/lib/tinyusb/src/tusb.c.o
                0x10004884                tu_edpt_claim
 .text.tu_edpt_validate
                0x100048d4       0x7c CMakeFiles/mac-gaming.dir/Users/aryachakrabarti/Desktop/pico-sdk/lib/tinyusb/src/tusb.c.o
                0x100048d4                tu_edpt_validate
 .text.tu_edpt_bind_driver
                0x10004950       0x34 CMakeFiles/mac-gaming.dir/Users/aryachakrabarti/Desktop/pico-sdk/lib/tinyusb/src/tusb.c.o
                0x10004950                tu_edpt_bind_driver
 .text.tu_fifo_read
                0x10004984       0x9c CMakeFiles/mac-gaming.dir/Users/aryachakrabarti/Desktop/pico-sdk/lib/tinyusb/src/common/tusb_fifo.c.o
                0x10004984                tu_fifo_read
 .text.tu_fifo_write
                0x10004a20       0xa8 CMakeFiles/mac-gaming.dir/Users/aryachakrabarti/Desktop/pico-sdk/lib/tinyusb/src/common/tusb_fifo.c.o
                0x10004a20                tu_fifo_write
 .text.tu_fifo_clear
                0x10004ac8       0x40 CMakeFiles/mac-gaming.dir/Users/aryachakrabarti/Desktop/pico-sdk/lib/tinyusb/src/common/tusb_fifo.c.o
                0x10004ac8                tu_fifo_clear
 .text.strlen   0x10004b08       0x5c /Applications/ARM/bin/../lib/gcc/arm-none-eabi/13.2.1/../../../../arm-none-eabi/lib/thumb/v6-m/nofp/libg.a(libc_a-strlen-stub.o)
                0x10004b08                strlen
 *(.fini)
 .fini          0x10004b64        0x4 /Applications/ARM/bin/../lib/gcc/arm-none-eabi/13.2.1/thumb/v6-m/nofp/crti.o
                0x10004b64                _fini
 .fini.__stub   0x10004b68       0xa0 linker stubs
 *crtbegin.o(.ctors)
 *crtbegin?.o(.ctors)
 *(EXCLUDE_FILE(*crtend.o *crtend?.o) .ctors)
 *(SORT_BY_NAME(.ctors.*))
 *(.ctors)
 *crtbegin.o(.dtors)
 *crtbegin?.o(.dtors)
 *(EXCLUDE_FILE(*crtend.o *crtend?.o) .dtors)
 *(SORT_BY_NAME(.dtors.*))
 *(.dtors)
                0x10004c08                        . = ALIGN (0x4)
                0x10004c08                        PROVIDE (__preinit_array_start = .)
 *(SORT_BY_NAME(.preinit_array.*))
 .preinit_array.00100
                0x10004c08        0x4 CMakeFiles/mac-gaming.dir/Users/aryachakrabarti/Desktop/pico-sdk/src/rp2_common/pico_runtime_init/runtime_init.c.o
                0x10004c08                __pre_init_runtime_init_early_resets
 .preinit_array.00101
                0x10004c0c        0x4 CMakeFiles/mac-gaming.dir/Users/aryachakrabarti/Desktop/pico-sdk/src/rp2_common/pico_runtime_init/runtime_init.c.o
                0x10004c0c                __pre_init_runtime_init_usb_power_down
 .preinit_array.00275
                0x10004c10        0x4 CMakeFiles/mac-gaming.dir/Users/aryachakrabarti/Desktop/pico-sdk/src/rp2_common/pico_bit_ops/bit_ops_aeabi.S.o
 .preinit_array.00300
                0x10004c14        0x4 CMakeFiles/mac-gaming.dir/Users/aryachakrabarti/Desktop/pico-sdk/src/rp2_common/pico_mem_ops/mem_ops_aeabi.S.o
 .preinit_array.00350
                0x10004c18        0x4 CMakeFiles/mac-gaming.dir/Users/aryachakrabarti/Desktop/pico-sdk/src/rp2_common/pico_double/double_aeabi_rp2040.S.o
 .preinit_array.00350
                0x10004c1c        0x4 CMakeFiles/mac-gaming.dir/Users/aryachakrabarti/Desktop/pico-sdk/src/rp2_common/pico_float/float_aeabi_rp2040.S.o
 .preinit_array.00500
                0x10004c20        0x4 CMakeFiles/mac-gaming.dir/Users/aryachakrabarti/Desktop/pico-sdk/src/rp2_common/pico_runtime_init/runtime_init.c.o
                0x10004c20                __pre_init_runtime_init_clocks
 .preinit_array.00600
                0x10004c24        0x4 CMakeFiles/mac-gaming.dir/Users/aryachakrabarti/Desktop/pico-sdk/src/rp2_common/pico_runtime_init/runtime_init.c.o
                0x10004c24                __pre_init_runtime_init_post_clock_resets
 .preinit_array.00700
                0x10004c28        0x4 CMakeFiles/mac-gaming.dir/Users/aryachakrabarti/Desktop/pico-sdk/src/rp2_common/pico_runtime_init/runtime_init.c.o
                0x10004c28                __pre_init_runtime_init_rp2040_gpio_ie_disable
 .preinit_array.01000
                0x10004c2c        0x4 CMakeFiles/mac-gaming.dir/Users/aryachakrabarti/Desktop/pico-sdk/src/rp2_common/pico_runtime_init/runtime_init.c.o
                0x10004c2c                __pre_init_runtime_init_spin_locks_reset
 .preinit_array.01100
                0x10004c30        0x4 CMakeFiles/mac-gaming.dir/Users/aryachakrabarti/Desktop/pico-sdk/src/common/pico_sync/mutex.c.o
                0x10004c30                __pre_init_runtime_init_mutex
 .preinit_array.10080
                0x10004c34        0x4 CMakeFiles/mac-gaming.dir/Users/aryachakrabarti/Desktop/pico-sdk/src/rp2_common/pico_runtime_init/runtime_init.c.o
                0x10004c34                __pre_init_runtime_init_install_ram_vector_table
 .preinit_array.11000
                0x10004c38        0x4 CMakeFiles/mac-gaming.dir/Users/aryachakrabarti/Desktop/pico-sdk/src/common/pico_time/time.c.o
                0x10004c38                __pre_init_runtime_init_default_alarm_pool
 .preinit_array.YYYYY
                0x10004c3c        0x4 CMakeFiles/mac-gaming.dir/Users/aryachakrabarti/Desktop/pico-sdk/src/rp2_common/pico_runtime/runtime.c.o
                0x10004c3c                __pre_init_first_per_core_initializer
 .preinit_array.ZZZZZ.01200
                0x10004c40        0x4 CMakeFiles/mac-gaming.dir/Users/aryachakrabarti/Desktop/pico-sdk/src/rp2_common/hardware_irq/irq.c.o
                0x10004c40                __pre_init_runtime_init_per_core_irq_priorities
 *(.preinit_array)
                0x10004c44                        PROVIDE (__preinit_array_end = .)
                0x10004c44                        . = ALIGN (0x4)
                0x10004c44                        PROVIDE (__init_array_start = .)
 *(SORT_BY_NAME(.init_array.*))
 *(.init_array)
 .init_array    0x10004c44        0x4 /Applications/ARM/bin/../lib/gcc/arm-none-eabi/13.2.1/thumb/v6-m/nofp/crtbegin.o
                0x10004c48                        PROVIDE (__init_array_end = .)
                0x10004c48                        . = ALIGN (0x4)
                [!provide]                        PROVIDE (__fini_array_start = .)
 *(SORT_BY_NAME(.fini_array.*))
 *(.fini_array)
                [!provide]                        PROVIDE (__fini_array_end = .)
 *(.eh_frame*)
 .eh_frame      0x10004c48        0x0 /Applications/ARM/bin/../lib/gcc/arm-none-eabi/13.2.1/thumb/v6-m/nofp/crtbegin.o
                0x10004c48                        . = ALIGN (0x4)

.glue_7         0x10004c48        0x0
 .glue_7        0x10004c48        0x0 linker stubs

.glue_7t        0x10004c48        0x0
 .glue_7t       0x10004c48        0x0 linker stubs

.vfp11_veneer   0x10004c48        0x0
 .vfp11_veneer  0x10004c48        0x0 linker stubs

.v4_bx          0x10004c48        0x0
 .v4_bx         0x10004c48        0x0 linker stubs

.iplt           0x10004c48        0x0
 .iplt          0x10004c48        0x0 /Applications/ARM/bin/../lib/gcc/arm-none-eabi/13.2.1/thumb/v6-m/nofp/crtbegin.o

.rodata         0x10004c48      0x410
 *(EXCLUDE_FILE(*libm.a: *libc.a:*lib_a-mem*.o *libgcc.a:) .rodata*)
 .rodata.update_display.str1.4
                0x10004c48      0x15c CMakeFiles/mac-gaming.dir/src/main.c.o
                                 0x17 (size before relaxing)
 .rodata.str1.4
                0x10004da4       0x2e CMakeFiles/mac-gaming.dir/src/main.c.o
 .rodata.layer_arrows
                0x10004da4       0x12 CMakeFiles/mac-gaming.dir/src/main.c.o
 *fill*         0x10004db6        0x2 
 .rodata.layer_wasd
                0x10004db8       0x12 CMakeFiles/mac-gaming.dir/src/main.c.o
 *fill*         0x10004dca        0x2 
 .rodata.key_rotation
                0x10004dcc        0x9 CMakeFiles/mac-gaming.dir/src/main.c.o
 *fill*         0x10004dd5        0x3 
 .rodata.row_pins
                0x10004dd8        0x3 CMakeFiles/mac-gaming.dir/src/matrix.c.o
 *fill*         0x10004ddb        0x1 
 .rodata.col_pins
                0x10004ddc        0x3 CMakeFiles/mac-gaming.dir/src/matrix.c.o
 *fill*         0x10004ddf        0x1 
 .rodata.encoder_table
                0x10004de0       0x10 CMakeFiles/mac-gaming.dir/src/encoder.c.o
 .rodata.CSWTCH.12
                0x10004df0       0x38 CMakeFiles/mac-gaming.dir/src/oled.c.o
 .rodata.font5x7
                0x10004e28       0x46 CMakeFiles/mac-gaming.dir/src/oled.c.o
 .rodata.str1.4
                0x10004e6e       0x1f CMakeFiles/mac-gaming.dir/src/usb_descriptors.c.o
 *fill*         0x10004e6e        0x2 
 .rodata.__compound_literal.0
                0x10004e70        0x2 CMakeFiles/mac-gaming.dir/src/usb_descriptors.c.o
 *fill*         0x10004e72        0x2 
 .rodata.desc_configuration
                0x10004e74       0x22 CMakeFiles/mac-gaming.dir/src/usb_descriptors.c.o
                0x10004e74                desc_configuration
 *fill*         0x10004e96        0x2 
 .rodata.desc_device
                0x10004e98       0x12 CMakeFiles/mac-gaming.dir/src/usb_descriptors.c.o
                0x10004e98                desc_device
 *fill*         0x10004eaa        0x2 
 .rodata.desc_hid_report
                0x10004eac       0x5c CMakeFiles/mac-gaming.dir/src/usb_descriptors.c.o
                0x10004eac                desc_hid_report
 .rodata.panic.str1.4
                0x10004f08       0x12 CMakeFiles/mac-gaming.dir/Users/aryachakrabarti/Desktop/pico-sdk/src/rp2_common/pico_platform_panic/panic.c.o
 .rodata.spin_lock_claim_unused.str1.4
                0x10004f08       0x1b CMakeFiles/mac-gaming.dir/Users/aryachakrabarti/Desktop/pico-sdk/src/rp2_common/hardware_sync/sync.c.o
 .rodata.timer_hardware_alarm_claim.str1.4
                0x10004f08       0x22 CMakeFiles/mac-gaming.dir/Users/aryachakrabarti/Desktop/pico-sdk/src/rp2_common/hardware_timer/timer.c.o
 .rodata.hard_assertion_failure.str1.4
                0x10004f08        0xc CMakeFiles/mac-gaming.dir/Users/aryachakrabarti/Desktop/pico-sdk/src/rp2_common/pico_runtime/runtime.c.o
 .rodata.str1.4
                0x10004f08       0x40 CMakeFiles/mac-gaming.dir/Users/aryachakrabarti/Desktop/pico-sdk/src/rp2_common/pico_standard_binary_info/standard_binary_info.c.o
 .rodata.__bi_84
                0x10004f08        0xc CMakeFiles/mac-gaming.dir/Users/aryachakrabarti/Desktop/pico-sdk/src/rp2_common/pico_standard_binary_info/standard_binary_info.c.o
 .rodata.__bi_78
                0x10004f14        0xc CMakeFiles/mac-gaming.dir/Users/aryachakrabarti/Desktop/pico-sdk/src/rp2_common/pico_standard_binary_info/standard_binary_info.c.o
 .rodata.__bi_54
                0x10004f20        0xc CMakeFiles/mac-gaming.dir/Users/aryachakrabarti/Desktop/pico-sdk/src/rp2_common/pico_standard_binary_info/standard_binary_info.c.o
 .rodata.__bi_48
                0x10004f2c        0xc CMakeFiles/mac-gaming.dir/Users/aryachakrabarti/Desktop/pico-sdk/src/rp2_common/pico_standard_binary_info/standard_binary_info.c.o
 .rodata.__bi_42
                0x10004f38        0xc CMakeFiles/mac-gaming.dir/Users/aryachakrabarti/Desktop/pico-sdk/src/rp2_common/pico_standard_binary_info/standard_binary_info.c.o
 .rodata.__bi_34
                0x10004f44        0xc CMakeFiles/mac-gaming.dir/Users/aryachakrabarti/Desktop/pico-sdk/src/rp2_common/pico_standard_binary_info/standard_binary_info.c.o
 .rodata.__bi_26
                0x10004f50        0xc CMakeFiles/mac-gaming.dir/Users/aryachakrabarti/Desktop/pico-sdk/src/rp2_common/pico_standard_binary_info/standard_binary_info.c.o
 .rodata.crlf_str.0
                0x10004f5c        0x2 CMakeFiles/mac-gaming.dir/Users/aryachakrabarti/Desktop/pico-sdk/src/rp2_common/pico_stdio/stdio.c.o
 .rodata.str1.4
                0x10004f5e       0x14 CMakeFiles/mac-gaming.dir/Users/aryachakrabarti/Desktop/pico-sdk/lib/tinyusb/src/portable/raspberrypi/rp2040/dcd_rp2040.c.o
 .rodata.str1.4
                0x10004f5e       0x48 CMakeFiles/mac-gaming.dir/Users/aryachakrabarti/Desktop/pico-sdk/lib/tinyusb/src/portable/raspberrypi/rp2040/rp2040_usb.c.o
 *fill*         0x10004f5e        0x2 
 .rodata.tud_task_ext
                0x10004f60       0x8c CMakeFiles/mac-gaming.dir/Users/aryachakrabarti/Desktop/pico-sdk/lib/tinyusb/src/device/usbd.c.o
 .rodata        0x10004fec       0x1c CMakeFiles/mac-gaming.dir/Users/aryachakrabarti/Desktop/pico-sdk/lib/tinyusb/src/device/usbd.c.o
 .rodata._usbd_driver
                0x10005008       0x20 CMakeFiles/mac-gaming.dir/Users/aryachakrabarti/Desktop/pico-sdk/lib/tinyusb/src/device/usbd.c.o
 .rodata.hidd_control_xfer_cb
                0x10005028       0x30 CMakeFiles/mac-gaming.dir/Users/aryachakrabarti/Desktop/pico-sdk/lib/tinyusb/src/class/hid/hid_device.c.o
                0x10005058                        . = ALIGN (0x4)
 *(SORT_BY_ALIGNMENT(SORT_BY_NAME(.flashdata*)))
                0x10005058                        . = ALIGN (0x4)

.ARM.extab
 *(.ARM.extab* .gnu.linkonce.armextab.*)
                0x10005058                        __exidx_start = .

.ARM.exidx
 *(.ARM.exidx* .gnu.linkonce.armexidx.*)
                0x10005058                        __exidx_end = .
                0x10005058                        . = ALIGN (0x4)
                0x10005058                        __binary_info_start = .

.binary_info    0x10005058       0x1c
 *(.binary_info.keep.*)
 .binary_info.keep.__bi_ptr84
                0x10005058        0x4 CMakeFiles/mac-gaming.dir/Users/aryachakrabarti/Desktop/pico-sdk/src/rp2_common/pico_standard_binary_info/standard_binary_info.c.o
 .binary_info.keep.__bi_ptr78
                0x1000505c        0x4 CMakeFiles/mac-gaming.dir/Users/aryachakrabarti/Desktop/pico-sdk/src/rp2_common/pico_standard_binary_info/standard_binary_info.c.o
 .binary_info.keep.__bi_ptr54
                0x10005060        0x4 CMakeFiles/mac-gaming.dir/Users/aryachakrabarti/Desktop/pico-sdk/src/rp2_common/pico_standard_binary_info/standard_binary_info.c.o
 .binary_info.keep.__bi_ptr48
                0x10005064        0x4 CMakeFiles/mac-gaming.dir/Users/aryachakrabarti/Desktop/pico-sdk/src/rp2_common/pico_standard_binary_info/standard_binary_info.c.o
 .binary_info.keep.__bi_ptr42
                0x10005068        0x4 CMakeFiles/mac-gaming.dir/Users/aryachakrabarti/Desktop/pico-sdk/src/rp2_common/pico_standard_binary_info/standard_binary_info.c.o
 .binary_info.keep.__bi_ptr34
                0x1000506c        0x4 CMakeFiles/mac-gaming.dir/Users/aryachakrabarti/Desktop/pico-sdk/src/rp2_common/pico_standard_binary_info/standard_binary_info.c.o
 .binary_info.keep.__bi_ptr26
                0x10005070        0x4 CMakeFiles/mac-gaming.dir/Users/aryachakrabarti/Desktop/pico-sdk/src/rp2_common/pico_standard_binary_info/standard_binary_info.c.o
 *(.binary_info.*)
                0x10005074                        __binary_info_end = .
                0x10005074                        . = ALIGN (0x4)

.ram_vector_table
                0x20000000       0xc0
 *(.ram_vector_table)
 .ram_vector_table
                0x20000000       0xc0 CMakeFiles/mac-gaming.dir/Users/aryachakrabarti/Desktop/pico-sdk/src/rp2_common/pico_runtime_init/runtime_init.c.o
                0x20000000                ram_vector_table

.uninitialized_data
                0x200000c0        0x0
                0x200000c0                        . = ALIGN (0x4)
 *(.uninitialized_data*)

.data           0x200000c0      0xe28 load address 0x10005074
                0x200000c0                        __data_start__ = .
 *(vtable)
 *(.time_critical*)
 .time_critical.mutex_try_enter_block_until
                0x200000c0       0x9c CMakeFiles/mac-gaming.dir/Users/aryachakrabarti/Desktop/pico-sdk/src/common/pico_sync/mutex.c.o
                0x200000c0                mutex_try_enter_block_until
 .time_critical.mutex_enter_timeout_ms
                0x2000015c       0x90 CMakeFiles/mac-gaming.dir/Users/aryachakrabarti/Desktop/pico-sdk/src/common/pico_sync/mutex.c.o
                0x2000015c                mutex_enter_timeout_ms
 .time_critical.mutex_exit
                0x200001ec       0x28 CMakeFiles/mac-gaming.dir/Users/aryachakrabarti/Desktop/pico-sdk/src/common/pico_sync/mutex.c.o
                0x200001ec                mutex_exit
 .time_critical.reset_non_control_endpoints
                0x20000214       0x68 CMakeFiles/mac-gaming.dir/Users/aryachakrabarti/Desktop/pico-sdk/lib/tinyusb/src/portable/raspberrypi/rp2040/dcd_rp2040.c.o
 .time_critical.hw_handle_buff_status
                0x2000027c       0xa0 CMakeFiles/mac-gaming.dir/Users/aryachakrabarti/Desktop/pico-sdk/lib/tinyusb/src/portable/raspberrypi/rp2040/dcd_rp2040.c.o
 .time_critical.dcd_rp2040_irq
                0x2000031c      0x544 CMakeFiles/mac-gaming.dir/Users/aryachakrabarti/Desktop/pico-sdk/lib/tinyusb/src/portable/raspberrypi/rp2040/dcd_rp2040.c.o
 .time_critical.prepare_ep_buffer
                0x20000860       0xe0 CMakeFiles/mac-gaming.dir/Users/aryachakrabarti/Desktop/pico-sdk/lib/tinyusb/src/portable/raspberrypi/rp2040/rp2040_usb.c.o
 .time_critical.sync_ep_buffer
                0x20000940       0xa8 CMakeFiles/mac-gaming.dir/Users/aryachakrabarti/Desktop/pico-sdk/lib/tinyusb/src/portable/raspberrypi/rp2040/rp2040_usb.c.o
 .time_critical._hw_endpoint_xfer_sync
                0x200009e8       0x28 CMakeFiles/mac-gaming.dir/Users/aryachakrabarti/Desktop/pico-sdk/lib/tinyusb/src/portable/raspberrypi/rp2040/rp2040_usb.c.o
 .time_critical.e15_is_bulkin_ep
                0x20000a10       0x28 CMakeFiles/mac-gaming.dir/Users/aryachakrabarti/Desktop/pico-sdk/lib/tinyusb/src/portable/raspberrypi/rp2040/rp2040_usb.c.o
 .time_critical.e15_is_critical_frame_period
                0x20000a38       0x34 CMakeFiles/mac-gaming.dir/Users/aryachakrabarti/Desktop/pico-sdk/lib/tinyusb/src/portable/raspberrypi/rp2040/rp2040_usb.c.o
 .time_critical.hw_endpoint_reset_transfer
                0x20000a6c        0xc CMakeFiles/mac-gaming.dir/Users/aryachakrabarti/Desktop/pico-sdk/lib/tinyusb/src/portable/raspberrypi/rp2040/rp2040_usb.c.o
                0x20000a6c                hw_endpoint_reset_transfer
 .time_critical._hw_endpoint_buffer_control_update32
                0x20000a78       0x50 CMakeFiles/mac-gaming.dir/Users/aryachakrabarti/Desktop/pico-sdk/lib/tinyusb/src/portable/raspberrypi/rp2040/rp2040_usb.c.o
                0x20000a78                _hw_endpoint_buffer_control_update32
 .time_critical.hw_endpoint_start_next_buffer
                0x20000ac8       0x6c CMakeFiles/mac-gaming.dir/Users/aryachakrabarti/Desktop/pico-sdk/lib/tinyusb/src/portable/raspberrypi/rp2040/rp2040_usb.c.o
                0x20000ac8                hw_endpoint_start_next_buffer
 .time_critical.hw_endpoint_xfer_continue
                0x20000b34       0x40 CMakeFiles/mac-gaming.dir/Users/aryachakrabarti/Desktop/pico-sdk/lib/tinyusb/src/portable/raspberrypi/rp2040/rp2040_usb.c.o
                0x20000b34                hw_endpoint_xfer_continue
 .time_critical.tinyusb
                0x20000b74      0x1e0 CMakeFiles/mac-gaming.dir/Users/aryachakrabarti/Desktop/pico-sdk/lib/tinyusb/src/device/usbd.c.o
                0x20000b74                dcd_event_handler
 *(.text*)
 .text          0x20000d54        0x4 /Applications/ARM/bin/../lib/gcc/arm-none-eabi/13.2.1/thumb/v6-m/nofp/libgcc.a(_dvmd_tls.o)
                0x20000d54                __aeabi_ldiv0
                0x20000d54                __aeabi_idiv0
 .text.__stub   0x20000d58       0x80 linker stubs
                0x20000dd8                        . = ALIGN (0x4)
 *(.rodata*)
                0x20000dd8                        . = ALIGN (0x4)
 *(.data*)
 .data.arrows_lables
                0x20000dd8       0x24 CMakeFiles/mac-gaming.dir/src/main.c.o
 .data.wasd_lables
                0x20000dfc       0x24 CMakeFiles/mac-gaming.dir/src/main.c.o
 .data.string_desc_arr
                0x20000e20       0x10 CMakeFiles/mac-gaming.dir/src/usb_descriptors.c.o
                0x20000e20                string_desc_arr
 .data.striped_spin_lock_num
                0x20000e30        0x1 CMakeFiles/mac-gaming.dir/Users/aryachakrabarti/Desktop/pico-sdk/src/rp2_common/hardware_sync/sync.c.o
 *fill*         0x20000e31        0x3 
 .data          0x20000e34       0x48 CMakeFiles/mac-gaming.dir/Users/aryachakrabarti/Desktop/pico-sdk/src/rp2_common/hardware_irq/irq_handler_chain.S.o
                0x20000e34                irq_handler_chain_slots
                0x20000e64                irq_handler_chain_first_slot
                0x20000e6e                irq_handler_chain_remove_tail
 .data.default_alarm_pool
                0x20000e7c       0x18 CMakeFiles/mac-gaming.dir/Users/aryachakrabarti/Desktop/pico-sdk/src/common/pico_time/time.c.o
 *fill*         0x20000e94        0xc 
 .data.aeabi_bits_funcs
                0x20000ea0       0x10 CMakeFiles/mac-gaming.dir/Users/aryachakrabarti/Desktop/pico-sdk/src/rp2_common/pico_bit_ops/bit_ops_aeabi.S.o
                0x20000ea0                aeabi_bits_funcs
                0x20000eb0                aeabi_bits_funcs_end
 .data.aeabi_mem_funcs
                0x20000eb0       0x10 CMakeFiles/mac-gaming.dir/Users/aryachakrabarti/Desktop/pico-sdk/src/rp2_common/pico_mem_ops/mem_ops_aeabi.S.o
                0x20000eb0                aeabi_mem_funcs
                0x20000ec0                aeabi_mem_funcs_end
 .data._usbd_qdef
                0x20000ec0       0x1c CMakeFiles/mac-gaming.dir/Users/aryachakrabarti/Desktop/pico-sdk/lib/tinyusb/src/device/usbd.c.o
                0x20000ec0                _usbd_qdef
 .data._usbd_rhport
                0x20000edc        0x1 CMakeFiles/mac-gaming.dir/Users/aryachakrabarti/Desktop/pico-sdk/lib/tinyusb/src/device/usbd.c.o
                0x20000ee0                        . = ALIGN (0x4)
 *fill*         0x20000edd        0x3 
 *(.after_data.*)
                0x20000ee0                        . = ALIGN (0x4)
                0x20000ee0                        PROVIDE (__mutex_array_start = .)
 *(SORT_BY_NAME(.mutex_array.*))
 *(.mutex_array)
 .mutex_array   0x20000ee0        0x8 CMakeFiles/mac-gaming.dir/Users/aryachakrabarti/Desktop/pico-sdk/src/rp2_common/pico_stdio/stdio.c.o
                0x20000ee8                        PROVIDE (__mutex_array_end = .)
                0x20000ee8                        . = ALIGN (0x4)
 *(.jcr)
                0x20000ee8                        . = ALIGN (0x4)

.tm_clone_table
                0x20000ee8        0x0 load address 0x10005e9c
 .tm_clone_table
                0x20000ee8        0x0 /Applications/ARM/bin/../lib/gcc/arm-none-eabi/13.2.1/thumb/v6-m/nofp/crtbegin.o
 .tm_clone_table
                0x20000ee8        0x0 /Applications/ARM/bin/../lib/gcc/arm-none-eabi/13.2.1/thumb/v6-m/nofp/crtend.o

.igot.plt       0x20000ee8        0x0 load address 0x10005e9c
 .igot.plt      0x20000ee8        0x0 /Applications/ARM/bin/../lib/gcc/arm-none-eabi/13.2.1/thumb/v6-m/nofp/crtbegin.o

.tdata          0x20000ee8        0x0 load address 0x10005e9c
                0x20000ee8                        . = ALIGN (0x4)
 *(.tdata .tdata.* .gnu.linkonce.td.*)
                0x20000ee8                        __tdata_end = .
                0x20000ee8                        PROVIDE (__data_end__ = .)
                0x10005074                        __etext = LOADADDR (.data)

.tbss           0x20000ee8        0x0 load address 0x10005e9c
                0x20000ee8                        . = ALIGN (0x4)
                0x20000ee8                        __bss_start__ = .
                0x20000ee8                        __tls_base = .
 *(.tbss .tbss.* .gnu.linkonce.tb.*)
 *(.tcommon)
                0x20000ee8                        __tls_end = .

.bss            0x20000ee8      0xc6c load address 0x10005e9c
                0x20000ee8                        . = ALIGN (0x4)
                0x20000ee8                        __tbss_end = .
 *(SORT_BY_ALIGNMENT(SORT_BY_NAME(.bss*)))
 .bss.default_alarm_pool_entries
                0x20000ee8      0x180 CMakeFiles/mac-gaming.dir/Users/aryachakrabarti/Desktop/pico-sdk/src/common/pico_time/time.c.o
 .bss.sd_table  0x20001068      0x100 CMakeFiles/mac-gaming.dir/Users/aryachakrabarti/Desktop/pico-sdk/src/rp2_common/pico_double/double_init_rom_rp2040.c.o
                0x20001068                sd_table
 .bss.sf_table  0x20001168      0x100 CMakeFiles/mac-gaming.dir/Users/aryachakrabarti/Desktop/pico-sdk/src/rp2_common/pico_float/float_init_rom_rp2040.c.o
                0x20001168                sf_table
 .bss._app_driver
                0x20001268        0x4 CMakeFiles/mac-gaming.dir/Users/aryachakrabarti/Desktop/pico-sdk/lib/tinyusb/src/device/usbd.c.o
 .bss._ctrl_epbuf
                0x2000126c       0x40 CMakeFiles/mac-gaming.dir/Users/aryachakrabarti/Desktop/pico-sdk/lib/tinyusb/src/device/usbd_control.c.o
 .bss._ctrl_xfer
                0x200012ac       0x14 CMakeFiles/mac-gaming.dir/Users/aryachakrabarti/Desktop/pico-sdk/lib/tinyusb/src/device/usbd_control.c.o
 .bss._desc_str
                0x200012c0       0x40 CMakeFiles/mac-gaming.dir/src/usb_descriptors.c.o
 .bss._hidd_epbuf
                0x20001300       0x60 CMakeFiles/mac-gaming.dir/Users/aryachakrabarti/Desktop/pico-sdk/lib/tinyusb/src/class/hid/hid_device.c.o
 .bss._hidd_itf
                0x20001360       0x18 CMakeFiles/mac-gaming.dir/Users/aryachakrabarti/Desktop/pico-sdk/lib/tinyusb/src/class/hid/hid_device.c.o
 .bss._tusb_rhport_role
                0x20001378        0x2 CMakeFiles/mac-gaming.dir/Users/aryachakrabarti/Desktop/pico-sdk/lib/tinyusb/src/tusb.c.o
                0x20001378                _tusb_rhport_role
 *fill*         0x2000137a        0x2 
 .bss._ubsd_mutexdef
                0x2000137c        0x8 CMakeFiles/mac-gaming.dir/Users/aryachakrabarti/Desktop/pico-sdk/lib/tinyusb/src/device/usbd.c.o
 .bss._usbd_dev
                0x20001384       0x54 CMakeFiles/mac-gaming.dir/Users/aryachakrabarti/Desktop/pico-sdk/lib/tinyusb/src/device/usbd.c.o
 .bss._usbd_mutex
                0x200013d8        0x4 CMakeFiles/mac-gaming.dir/Users/aryachakrabarti/Desktop/pico-sdk/lib/tinyusb/src/device/usbd.c.o
 .bss._usbd_q   0x200013dc        0x4 CMakeFiles/mac-gaming.dir/Users/aryachakrabarti/Desktop/pico-sdk/lib/tinyusb/src/device/usbd.c.o
 .bss._usbd_qdef_buf
                0x200013e0       0xc0 CMakeFiles/mac-gaming.dir/Users/aryachakrabarti/Desktop/pico-sdk/lib/tinyusb/src/device/usbd.c.o
                0x200013e0                _usbd_qdef_buf
 .bss.callbacks
                0x200014a0        0x8 CMakeFiles/mac-gaming.dir/Users/aryachakrabarti/Desktop/pico-sdk/src/rp2_common/hardware_gpio/gpio.c.o
 .bss.claimed   0x200014a8        0x4 CMakeFiles/mac-gaming.dir/Users/aryachakrabarti/Desktop/pico-sdk/src/rp2_common/hardware_sync/sync.c.o
 .bss.claimed   0x200014ac        0x1 CMakeFiles/mac-gaming.dir/Users/aryachakrabarti/Desktop/pico-sdk/src/rp2_common/hardware_timer/timer.c.o
 *fill*         0x200014ad        0x3 
 .bss.configured_freq
                0x200014b0       0x28 CMakeFiles/mac-gaming.dir/Users/aryachakrabarti/Desktop/pico-sdk/src/rp2_common/hardware_clocks/clocks.c.o
 .bss.debounce_time
                0x200014d8       0x24 CMakeFiles/mac-gaming.dir/src/matrix.c.o
 .bss.display_buffer
                0x200014fc      0x200 CMakeFiles/mac-gaming.dir/src/oled.c.o
 .bss.drivers   0x200016fc        0x4 CMakeFiles/mac-gaming.dir/Users/aryachakrabarti/Desktop/pico-sdk/src/rp2_common/pico_stdio/stdio.c.o
 .bss.e15_last_sof
                0x20001700        0x4 CMakeFiles/mac-gaming.dir/Users/aryachakrabarti/Desktop/pico-sdk/lib/tinyusb/src/portable/raspberrypi/rp2040/rp2040_usb.c.o
                0x20001700                e15_last_sof
 .bss.filter    0x20001704        0x4 CMakeFiles/mac-gaming.dir/Users/aryachakrabarti/Desktop/pico-sdk/src/rp2_common/pico_stdio/stdio.c.o
 .bss.hw_endpoints
                0x20001708      0x400 CMakeFiles/mac-gaming.dir/Users/aryachakrabarti/Desktop/pico-sdk/lib/tinyusb/src/portable/raspberrypi/rp2040/dcd_rp2040.c.o
 .bss.lazy_vsnprintf
                0x20001b08        0x4 CMakeFiles/mac-gaming.dir/Users/aryachakrabarti/Desktop/pico-sdk/src/rp2_common/pico_printf/printf.c.o
 .bss.next_buffer_ptr
                0x20001b0c        0x4 CMakeFiles/mac-gaming.dir/Users/aryachakrabarti/Desktop/pico-sdk/lib/tinyusb/src/portable/raspberrypi/rp2040/dcd_rp2040.c.o
 .bss.object.0  0x20001b10       0x18 /Applications/ARM/bin/../lib/gcc/arm-none-eabi/13.2.1/thumb/v6-m/nofp/crtbegin.o
 .bss.pools     0x20001b28       0x10 CMakeFiles/mac-gaming.dir/Users/aryachakrabarti/Desktop/pico-sdk/src/common/pico_time/time.c.o
 .bss.raw_irq_mask
                0x20001b38        0x8 CMakeFiles/mac-gaming.dir/Users/aryachakrabarti/Desktop/pico-sdk/src/rp2_common/hardware_gpio/gpio.c.o
 .bss.sf_clz_func
                0x20001b40        0x4 CMakeFiles/mac-gaming.dir/Users/aryachakrabarti/Desktop/pico-sdk/src/rp2_common/pico_double/double_init_rom_rp2040.c.o
                0x20001b40                sf_clz_func
 .bss.sleep_notifier
                0x20001b44        0x4 CMakeFiles/mac-gaming.dir/Users/aryachakrabarti/Desktop/pico-sdk/src/common/pico_time/time.c.o
 .bss.current_state
                0x20001b48        0x2 CMakeFiles/mac-gaming.dir/src/matrix.c.o
 .bss.previous_state
                0x20001b4a        0x2 CMakeFiles/mac-gaming.dir/src/matrix.c.o
 .bss._app_driver_count
                0x20001b4c        0x1 CMakeFiles/mac-gaming.dir/Users/aryachakrabarti/Desktop/pico-sdk/lib/tinyusb/src/device/usbd.c.o
 .bss._sof_enable
                0x20001b4d        0x1 CMakeFiles/mac-gaming.dir/Users/aryachakrabarti/Desktop/pico-sdk/lib/tinyusb/src/portable/raspberrypi/rp2040/dcd_rp2040.c.o
 .bss._usbd_queued_setup
                0x20001b4e        0x1 CMakeFiles/mac-gaming.dir/Users/aryachakrabarti/Desktop/pico-sdk/lib/tinyusb/src/device/usbd.c.o
 .bss.current_layer
                0x20001b4f        0x1 CMakeFiles/mac-gaming.dir/src/main.c.o
 .bss.encoder_delta
                0x20001b50        0x1 CMakeFiles/mac-gaming.dir/src/encoder.c.o
 .bss.encoder_state
                0x20001b51        0x1 CMakeFiles/mac-gaming.dir/src/encoder.c.o
 .bss.irq_handler_chain_free_slot_head
                0x20001b52        0x1 CMakeFiles/mac-gaming.dir/Users/aryachakrabarti/Desktop/pico-sdk/src/rp2_common/hardware_irq/irq.c.o
 *(COMMON)
                0x20001b54                        . = ALIGN (0x4)
 *fill*         0x20001b53        0x1 
                0x20001b54                        __bss_end__ = .

.heap           0x20001b54      0x800 load address 0x10005e9c
                0x20001b54                        __end__ = .
                0x20001b54                        end = __end__
 *(.heap*)
 .heap          0x20001b54      0x800 CMakeFiles/mac-gaming.dir/Users/aryachakrabarti/Desktop/pico-sdk/src/rp2_common/pico_crt0/crt0.S.o
                0x20040000                        __HeapLimit = (ORIGIN (RAM) + LENGTH (RAM))

.scratch_x      0x20040000        0x0 load address 0x10005e9c
                0x20040000                        __scratch_x_start__ = .
 *(.scratch_x.*)
                0x20040000                        . = ALIGN (0x4)
                0x20040000                        __scratch_x_end__ = .
                0x10005e9c                        __scratch_x_source__ = LOADADDR (.scratch_x)

.scratch_y      0x20041000        0x0 load address 0x10005e9c
                0x20041000                        __scratch_y_start__ = .
 *(.scratch_y.*)
                0x20041000                        . = ALIGN (0x4)
                0x20041000                        __scratch_y_end__ = .
                0x10005e9c                        __scratch_y_source__ = LOADADDR (.scratch_y)

.stack1_dummy
 *(.stack1*)

.stack_dummy    0x20041000      0x800
 *(.stack*)
 .stack         0x20041000      0x800 CMakeFiles/mac-gaming.dir/Users/aryachakrabarti/Desktop/pico-sdk/src/rp2_common/pico_crt0/crt0.S.o

.rel.dyn        0x20041800        0x0
 .rel.iplt      0x20041800        0x0 /Applications/ARM/bin/../lib/gcc/arm-none-eabi/13.2.1/thumb/v6-m/nofp/crtbegin.o

.flash_end      0x10005e9c        0x0
 *(.embedded_end_block*)
                0x10005e9c                        PROVIDE (__flash_binary_end = .)
                0x20040000                        __StackLimit = (ORIGIN (RAM) + LENGTH (RAM))
                0x20041000                        __StackOneTop = (ORIGIN (SCRATCH_X) + LENGTH (SCRATCH_X))
                0x20042000                        __StackTop = (ORIGIN (SCRATCH_Y) + LENGTH (SCRATCH_Y))
                0x20041000                        __StackOneBottom = (__StackOneTop - SIZEOF (.stack1_dummy))
                0x20041800                        __StackBottom = (__StackTop - SIZEOF (.stack_dummy))
                0x20042000                        PROVIDE (__stack = __StackTop)
                [!provide]                        PROVIDE (__heap_start = __end__)
                [!provide]                        PROVIDE (__heap_end = __HeapLimit)
                [!provide]                        PROVIDE (__tls_align = MAX (ALIGNOF (.tdata), ALIGNOF (.tbss)))
                [!provide]                        PROVIDE (__tls_size_align = (((__tls_size + __tls_align) - 0x1) & ~ ((__tls_align - 0x1))))
                [!provide]                        PROVIDE (__arm32_tls_tcb_offset = MAX (0x8, __tls_align))
                [!provide]                        PROVIDE (_end = __end__)
                [!provide]                        PROVIDE (__llvm_libc_heap_limit = __HeapLimit)
                0x00000001                        ASSERT ((__StackLimit >= __HeapLimit), region RAM overflowed)
                0x00000001                        ASSERT (((__binary_info_header_end - __logical_binary_start) <= 0x100), Binary info must be in first 256 bytes of the binary)
LOAD CMakeFiles/mac-gaming.dir/src/main.c.o
LOAD CMakeFiles/mac-gaming.dir/src/matrix.c.o
LOAD CMakeFiles/mac-gaming.dir/src/encoder.c.o
LOAD CMakeFiles/mac-gaming.dir/src/oled.c.o
LOAD CMakeFiles/mac-gaming.dir/src/usb_hid.c.o
LOAD CMakeFiles/mac-gaming.dir/src/usb_descriptors.c.o
LOAD CMakeFiles/mac-gaming.dir/Users/aryachakrabarti/Desktop/pico-sdk/src/rp2_common/pico_stdlib/stdlib.c.o
LOAD CMakeFiles/mac-gaming.dir/Users/aryachakrabarti/Desktop/pico-sdk/src/rp2_common/hardware_gpio/gpio.c.o
LOAD CMakeFiles/mac-gaming.dir/Users/aryachakrabarti/Desktop/pico-sdk/src/rp2040/pico_platform/platform.c.o
LOAD CMakeFiles/mac-gaming.dir/Users/aryachakrabarti/Desktop/pico-sdk/src/rp2_common/pico_platform_common/common.c.o
LOAD CMakeFiles/mac-gaming.dir/Users/aryachakrabarti/Desktop/pico-sdk/src/rp2_common/pico_platform_panic/panic.c.o
LOAD CMakeFiles/mac-gaming.dir/Users/aryachakrabarti/Desktop/pico-sdk/src/common/hardware_claim/claim.c.o
LOAD CMakeFiles/mac-gaming.dir/Users/aryachakrabarti/Desktop/pico-sdk/src/rp2_common/hardware_sync/sync.c.o
LOAD CMakeFiles/mac-gaming.dir/Users/aryachakrabarti/Desktop/pico-sdk/src/rp2_common/hardware_sync_spin_lock/sync_spin_lock.c.o
LOAD CMakeFiles/mac-gaming.dir/Users/aryachakrabarti/Desktop/pico-sdk/src/rp2_common/hardware_irq/irq.c.o
LOAD CMakeFiles/mac-gaming.dir/Users/aryachakrabarti/Desktop/pico-sdk/src/rp2_common/hardware_irq/irq_handler_chain.S.o
LOAD CMakeFiles/mac-gaming.dir/Users/aryachakrabarti/Desktop/pico-sdk/src/common/pico_sync/sem.c.o
LOAD CMakeFiles/mac-gaming.dir/Users/aryachakrabarti/Desktop/pico-sdk/src/common/pico_sync/lock_core.c.o
LOAD CMakeFiles/mac-gaming.dir/Users/aryachakrabarti/Desktop/pico-sdk/src/common/pico_sync/mutex.c.o
LOAD CMakeFiles/mac-gaming.dir/Users/aryachakrabarti/Desktop/pico-sdk/src/common/pico_sync/critical_section.c.o
LOAD CMakeFiles/mac-gaming.dir/Users/aryachakrabarti/Desktop/pico-sdk/src/common/pico_time/time.c.o
LOAD CMakeFiles/mac-gaming.dir/Users/aryachakrabarti/Desktop/pico-sdk/src/common/pico_time/timeout_helper.c.o
LOAD CMakeFiles/mac-gaming.dir/Users/aryachakrabarti/Desktop/pico-sdk/src/rp2_common/hardware_timer/timer.c.o
LOAD CMakeFiles/mac-gaming.dir/Users/aryachakrabarti/Desktop/pico-sdk/src/common/pico_util/datetime.c.o
LOAD CMakeFiles/mac-gaming.dir/Users/aryachakrabarti/Desktop/pico-sdk/src/common/pico_util/pheap.c.o
LOAD CMakeFiles/mac-gaming.dir/Users/aryachakrabarti/Desktop/pico-sdk/src/common/pico_util/queue.c.o
LOAD CMakeFiles/mac-gaming.dir/Users/aryachakrabarti/Desktop/pico-sdk/src/rp2_common/hardware_uart/uart.c.o
LOAD CMakeFiles/mac-gaming.dir/Users/aryachakrabarti/Desktop/pico-sdk/src/rp2_common/hardware_clocks/clocks.c.o
LOAD CMakeFiles/mac-gaming.dir/Users/aryachakrabarti/Desktop/pico-sdk/src/rp2_common/hardware_pll/pll.c.o
LOAD CMakeFiles/mac-gaming.dir/Users/aryachakrabarti/Desktop/pico-sdk/src/rp2_common/hardware_vreg/vreg.c.o
LOAD CMakeFiles/mac-gaming.dir/Users/aryachakrabarti/Desktop/pico-sdk/src/rp2_common/hardware_watchdog/watchdog.c.o
LOAD CMakeFiles/mac-gaming.dir/Users/aryachakrabarti/Desktop/pico-sdk/src/rp2_common/hardware_ticks/ticks.c.o
LOAD CMakeFiles/mac-gaming.dir/Users/aryachakrabarti/Desktop/pico-sdk/src/rp2_common/pico_bootrom/bootrom.c.o
LOAD CMakeFiles/mac-gaming.dir/Users/aryachakrabarti/Desktop/pico-sdk/src/rp2_common/pico_bootrom/bootrom_lock.c.o
LOAD CMakeFiles/mac-gaming.dir/Users/aryachakrabarti/Desktop/pico-sdk/src/rp2_common/hardware_boot_lock/boot_lock.c.o
LOAD CMakeFiles/mac-gaming.dir/Users/aryachakrabarti/Desktop/pico-sdk/src/rp2_common/pico_flash/flash.c.o
LOAD CMakeFiles/mac-gaming.dir/Users/aryachakrabarti/Desktop/pico-sdk/src/rp2_common/hardware_xosc/xosc.c.o
LOAD CMakeFiles/mac-gaming.dir/Users/aryachakrabarti/Desktop/pico-sdk/src/rp2_common/hardware_divider/divider.S.o
LOAD CMakeFiles/mac-gaming.dir/Users/aryachakrabarti/Desktop/pico-sdk/src/rp2_common/pico_runtime/runtime.c.o
LOAD CMakeFiles/mac-gaming.dir/Users/aryachakrabarti/Desktop/pico-sdk/src/rp2_common/pico_runtime_init/runtime_init.c.o
LOAD CMakeFiles/mac-gaming.dir/Users/aryachakrabarti/Desktop/pico-sdk/src/rp2_common/pico_runtime_init/runtime_init_clocks.c.o
LOAD CMakeFiles/mac-gaming.dir/Users/aryachakrabarti/Desktop/pico-sdk/src/rp2_common/pico_runtime_init/runtime_init_stack_guard.c.o
LOAD CMakeFiles/mac-gaming.dir/Users/aryachakrabarti/Desktop/pico-sdk/src/rp2_common/pico_bit_ops/bit_ops_aeabi.S.o
LOAD CMakeFiles/mac-gaming.dir/Users/aryachakrabarti/Desktop/pico-sdk/src/rp2_common/pico_divider/divider_hardware.S.o
LOAD CMakeFiles/mac-gaming.dir/Users/aryachakrabarti/Desktop/pico-sdk/src/rp2_common/pico_double/double_aeabi_rp2040.S.o
LOAD CMakeFiles/mac-gaming.dir/Users/aryachakrabarti/Desktop/pico-sdk/src/rp2_common/pico_double/double_init_rom_rp2040.c.o
LOAD CMakeFiles/mac-gaming.dir/Users/aryachakrabarti/Desktop/pico-sdk/src/rp2_common/pico_double/double_math.c.o
LOAD CMakeFiles/mac-gaming.dir/Users/aryachakrabarti/Desktop/pico-sdk/src/rp2_common/pico_double/double_v1_rom_shim_rp2040.S.o
LOAD CMakeFiles/mac-gaming.dir/Users/aryachakrabarti/Desktop/pico-sdk/src/rp2_common/pico_int64_ops/pico_int64_ops_aeabi.S.o
LOAD CMakeFiles/mac-gaming.dir/Users/aryachakrabarti/Desktop/pico-sdk/src/rp2_common/pico_float/float_aeabi_rp2040.S.o
LOAD CMakeFiles/mac-gaming.dir/Users/aryachakrabarti/Desktop/pico-sdk/src/rp2_common/pico_float/float_init_rom_rp2040.c.o
LOAD CMakeFiles/mac-gaming.dir/Users/aryachakrabarti/Desktop/pico-sdk/src/rp2_common/pico_float/float_math.c.o
LOAD CMakeFiles/mac-gaming.dir/Users/aryachakrabarti/Desktop/pico-sdk/src/rp2_common/pico_float/float_v1_rom_shim_rp2040.S.o
LOAD CMakeFiles/mac-gaming.dir/Users/aryachakrabarti/Desktop/pico-sdk/src/rp2_common/pico_malloc/malloc.c.o
LOAD CMakeFiles/mac-gaming.dir/Users/aryachakrabarti/Desktop/pico-sdk/src/rp2_common/pico_mem_ops/mem_ops_aeabi.S.o
LOAD CMakeFiles/mac-gaming.dir/Users/aryachakrabarti/Desktop/pico-sdk/src/rp2_common/pico_atomic/atomic.c.o
LOAD CMakeFiles/mac-gaming.dir/Users/aryachakrabarti/Desktop/pico-sdk/src/rp2_common/pico_cxx_options/new_delete.cpp.o
LOAD CMakeFiles/mac-gaming.dir/Users/aryachakrabarti/Desktop/pico-sdk/src/rp2_common/pico_standard_binary_info/standard_binary_info.c.o
LOAD CMakeFiles/mac-gaming.dir/Users/aryachakrabarti/Desktop/pico-sdk/src/rp2_common/pico_printf/printf.c.o
LOAD CMakeFiles/mac-gaming.dir/Users/aryachakrabarti/Desktop/pico-sdk/src/rp2_common/pico_crt0/crt0.S.o
LOAD CMakeFiles/mac-gaming.dir/Users/aryachakrabarti/Desktop/pico-sdk/src/rp2_common/pico_clib_interface/newlib_interface.c.o
LOAD CMakeFiles/mac-gaming.dir/Users/aryachakrabarti/Desktop/pico-sdk/src/rp2_common/pico_stdio/stdio.c.o
LOAD CMakeFiles/mac-gaming.dir/Users/aryachakrabarti/Desktop/pico-sdk/lib/tinyusb/src/portable/raspberrypi/rp2040/dcd_rp2040.c.o
LOAD CMakeFiles/mac-gaming.dir/Users/aryachakrabarti/Desktop/pico-sdk/lib/tinyusb/src/portable/raspberrypi/rp2040/rp2040_usb.c.o
LOAD CMakeFiles/mac-gaming.dir/Users/aryachakrabarti/Desktop/pico-sdk/lib/tinyusb/src/device/usbd.c.o
LOAD CMakeFiles/mac-gaming.dir/Users/aryachakrabarti/Desktop/pico-sdk/lib/tinyusb/src/device/usbd_control.c.o
LOAD CMakeFiles/mac-gaming.dir/Users/aryachakrabarti/Desktop/pico-sdk/lib/tinyusb/src/class/audio/audio_device.c.o
LOAD CMakeFiles/mac-gaming.dir/Users/aryachakrabarti/Desktop/pico-sdk/lib/tinyusb/src/class/cdc/cdc_device.c.o
LOAD CMakeFiles/mac-gaming.dir/Users/aryachakrabarti/Desktop/pico-sdk/lib/tinyusb/src/class/dfu/dfu_device.c.o
LOAD CMakeFiles/mac-gaming.dir/Users/aryachakrabarti/Desktop/pico-sdk/lib/tinyusb/src/class/dfu/dfu_rt_device.c.o
LOAD CMakeFiles/mac-gaming.dir/Users/aryachakrabarti/Desktop/pico-sdk/lib/tinyusb/src/class/hid/hid_device.c.o
LOAD CMakeFiles/mac-gaming.dir/Users/aryachakrabarti/Desktop/pico-sdk/lib/tinyusb/src/class/midi/midi_device.c.o
LOAD CMakeFiles/mac-gaming.dir/Users/aryachakrabarti/Desktop/pico-sdk/lib/tinyusb/src/class/msc/msc_device.c.o
LOAD CMakeFiles/mac-gaming.dir/Users/aryachakrabarti/Desktop/pico-sdk/lib/tinyusb/src/class/net/ecm_rndis_device.c.o
LOAD CMakeFiles/mac-gaming.dir/Users/aryachakrabarti/Desktop/pico-sdk/lib/tinyusb/src/class/net/ncm_device.c.o
LOAD CMakeFiles/mac-gaming.dir/Users/aryachakrabarti/Desktop/pico-sdk/lib/tinyusb/src/class/usbtmc/usbtmc_device.c.o
LOAD CMakeFiles/mac-gaming.dir/Users/aryachakrabarti/Desktop/pico-sdk/lib/tinyusb/src/class/vendor/vendor_device.c.o
LOAD CMakeFiles/mac-gaming.dir/Users/aryachakrabarti/Desktop/pico-sdk/lib/tinyusb/src/class/video/video_device.c.o
LOAD CMakeFiles/mac-gaming.dir/Users/aryachakrabarti/Desktop/pico-sdk/lib/tinyusb/src/tusb.c.o
LOAD CMakeFiles/mac-gaming.dir/Users/aryachakrabarti/Desktop/pico-sdk/lib/tinyusb/src/common/tusb_fifo.c.o
LOAD CMakeFiles/mac-gaming.dir/Users/aryachakrabarti/Desktop/pico-sdk/src/rp2_common/pico_fix/rp2040_usb_device_enumeration/rp2040_usb_device_enumeration.c.o
LOAD pico-sdk/src/rp2040/boot_stage2/CMakeFiles/bs2_default_library.dir/bs2_default_padded_checksummed.S.o
LOAD /Applications/ARM/bin/../lib/gcc/arm-none-eabi/13.2.1/../../../../arm-none-eabi/lib/thumb/v6-m/nofp/libstdc++.a
LOAD /Applications/ARM/bin/../lib/gcc/arm-none-eabi/13.2.1/../../../../arm-none-eabi/lib/thumb/v6-m/nofp/libm.a
START GROUP
LOAD /Applications/ARM/bin/../lib/gcc/arm-none-eabi/13.2.1/thumb/v6-m/nofp/libgcc.a
LOAD /Applications/ARM/bin/../lib/gcc/arm-none-eabi/13.2.1/../../../../arm-none-eabi/lib/thumb/v6-m/nofp/libg.a
LOAD /Applications/ARM/bin/../lib/gcc/arm-none-eabi/13.2.1/../../../../arm-none-eabi/lib/thumb/v6-m/nofp/libc.a
END GROUP
START GROUP
LOAD /Applications/ARM/bin/../lib/gcc/arm-none-eabi/13.2.1/thumb/v6-m/nofp/libgcc.a
LOAD /Applications/ARM/bin/../lib/gcc/arm-none-eabi/13.2.1/../../../../arm-none-eabi/lib/thumb/v6-m/nofp/libc.a
LOAD /Applications/ARM/bin/../lib/gcc/arm-none-eabi/13.2.1/../../../../arm-none-eabi/lib/thumb/v6-m/nofp/libnosys.a
END GROUP
LOAD /Applications/ARM/bin/../lib/gcc/arm-none-eabi/13.2.1/thumb/v6-m/nofp/crtend.o
LOAD /Applications/ARM/bin/../lib/gcc/arm-none-eabi/13.2.1/thumb/v6-m/nofp/crtn.o
OUTPUT(mac-gaming.elf elf32-littlearm)
LOAD linker stubs

.ARM.attributes
                0x00000000       0x28
 .ARM.attributes
                0x00000000       0x1e /Applications/ARM/bin/../lib/gcc/arm-none-eabi/13.2.1/thumb/v6-m/nofp/crti.o
 .ARM.attributes
                0x0000001e       0x2c /Applications/ARM/bin/../lib/gcc/arm-none-eabi/13.2.1/thumb/v6-m/nofp/crtbegin.o
 .ARM.attributes
                0x0000004a       0x2c CMakeFiles/mac-gaming.dir/src/main.c.o
 .ARM.attributes
                0x00000076       0x2c CMakeFiles/mac-gaming.dir/src/matrix.c.o
 .ARM.attributes
                0x000000a2       0x2c CMakeFiles/mac-gaming.dir/src/encoder.c.o
 .ARM.attributes
                0x000000ce       0x2c CMakeFiles/mac-gaming.dir/src/oled.c.o
 .ARM.attributes
                0x000000fa       0x2c CMakeFiles/mac-gaming.dir/src/usb_hid.c.o
 .ARM.attributes
                0x00000126       0x2c CMakeFiles/mac-gaming.dir/src/usb_descriptors.c.o
 .ARM.attributes
                0x00000152       0x2c CMakeFiles/mac-gaming.dir/Users/aryachakrabarti/Desktop/pico-sdk/src/rp2_common/hardware_gpio/gpio.c.o
 .ARM.attributes
                0x0000017e       0x2c CMakeFiles/mac-gaming.dir/Users/aryachakrabarti/Desktop/pico-sdk/src/rp2040/pico_platform/platform.c.o
 .ARM.attributes
                0x000001aa       0x2c CMakeFiles/mac-gaming.dir/Users/aryachakrabarti/Desktop/pico-sdk/src/rp2_common/pico_platform_panic/panic.c.o
 .ARM.attributes
                0x000001d6       0x2c CMakeFiles/mac-gaming.dir/Users/aryachakrabarti/Desktop/pico-sdk/src/common/hardware_claim/claim.c.o
 .ARM.attributes
                0x00000202       0x2c CMakeFiles/mac-gaming.dir/Users/aryachakrabarti/Desktop/pico-sdk/src/rp2_common/hardware_sync/sync.c.o
 .ARM.attributes
                0x0000022e       0x2c CMakeFiles/mac-gaming.dir/Users/aryachakrabarti/Desktop/pico-sdk/src/rp2_common/hardware_sync_spin_lock/sync_spin_lock.c.o
 .ARM.attributes
                0x0000025a       0x2c CMakeFiles/mac-gaming.dir/Users/aryachakrabarti/Desktop/pico-sdk/src/rp2_common/hardware_irq/irq.c.o
 .ARM.attributes
                0x00000286       0x22 CMakeFiles/mac-gaming.dir/Users/aryachakrabarti/Desktop/pico-sdk/src/rp2_common/hardware_irq/irq_handler_chain.S.o
 .ARM.attributes
                0x000002a8       0x2c CMakeFiles/mac-gaming.dir/Users/aryachakrabarti/Desktop/pico-sdk/src/common/pico_sync/lock_core.c.o
 .ARM.attributes
                0x000002d4       0x2c CMakeFiles/mac-gaming.dir/Users/aryachakrabarti/Desktop/pico-sdk/src/common/pico_sync/mutex.c.o
 .ARM.attributes
                0x00000300       0x2c CMakeFiles/mac-gaming.dir/Users/aryachakrabarti/Desktop/pico-sdk/src/common/pico_sync/critical_section.c.o
 .ARM.attributes
                0x0000032c       0x2c CMakeFiles/mac-gaming.dir/Users/aryachakrabarti/Desktop/pico-sdk/src/common/pico_time/time.c.o
 .ARM.attributes
                0x00000358       0x2c CMakeFiles/mac-gaming.dir/Users/aryachakrabarti/Desktop/pico-sdk/src/rp2_common/hardware_timer/timer.c.o
 .ARM.attributes
                0x00000384       0x2c CMakeFiles/mac-gaming.dir/Users/aryachakrabarti/Desktop/pico-sdk/src/rp2_common/hardware_clocks/clocks.c.o
 .ARM.attributes
                0x000003b0       0x2c CMakeFiles/mac-gaming.dir/Users/aryachakrabarti/Desktop/pico-sdk/src/rp2_common/hardware_pll/pll.c.o
 .ARM.attributes
                0x000003dc       0x2c CMakeFiles/mac-gaming.dir/Users/aryachakrabarti/Desktop/pico-sdk/src/rp2_common/hardware_ticks/ticks.c.o
 .ARM.attributes
                0x00000408       0x2c CMakeFiles/mac-gaming.dir/Users/aryachakrabarti/Desktop/pico-sdk/src/rp2_common/pico_bootrom/bootrom.c.o
 .ARM.attributes
                0x00000434       0x2c CMakeFiles/mac-gaming.dir/Users/aryachakrabarti/Desktop/pico-sdk/src/rp2_common/hardware_xosc/xosc.c.o
 .ARM.attributes
                0x00000460       0x2c CMakeFiles/mac-gaming.dir/Users/aryachakrabarti/Desktop/pico-sdk/src/rp2_common/pico_runtime/runtime.c.o
 .ARM.attributes
                0x0000048c       0x2c CMakeFiles/mac-gaming.dir/Users/aryachakrabarti/Desktop/pico-sdk/src/rp2_common/pico_runtime_init/runtime_init.c.o
 .ARM.attributes
                0x000004b8       0x2c CMakeFiles/mac-gaming.dir/Users/aryachakrabarti/Desktop/pico-sdk/src/rp2_common/pico_runtime_init/runtime_init_clocks.c.o
 .ARM.attributes
                0x000004e4       0x22 CMakeFiles/mac-gaming.dir/Users/aryachakrabarti/Desktop/pico-sdk/src/rp2_common/pico_bit_ops/bit_ops_aeabi.S.o
 .ARM.attributes
                0x00000506       0x22 CMakeFiles/mac-gaming.dir/Users/aryachakrabarti/Desktop/pico-sdk/src/rp2_common/pico_divider/divider_hardware.S.o
 .ARM.attributes
                0x00000528       0x22 CMakeFiles/mac-gaming.dir/Users/aryachakrabarti/Desktop/pico-sdk/src/rp2_common/pico_double/double_aeabi_rp2040.S.o
 .ARM.attributes
                0x0000054a       0x2c CMakeFiles/mac-gaming.dir/Users/aryachakrabarti/Desktop/pico-sdk/src/rp2_common/pico_double/double_init_rom_rp2040.c.o
 .ARM.attributes
                0x00000576       0x22 CMakeFiles/mac-gaming.dir/Users/aryachakrabarti/Desktop/pico-sdk/src/rp2_common/pico_double/double_v1_rom_shim_rp2040.S.o
 .ARM.attributes
                0x00000598       0x22 CMakeFiles/mac-gaming.dir/Users/aryachakrabarti/Desktop/pico-sdk/src/rp2_common/pico_int64_ops/pico_int64_ops_aeabi.S.o
 .ARM.attributes
                0x000005ba       0x22 CMakeFiles/mac-gaming.dir/Users/aryachakrabarti/Desktop/pico-sdk/src/rp2_common/pico_float/float_aeabi_rp2040.S.o
 .ARM.attributes
                0x000005dc       0x2c CMakeFiles/mac-gaming.dir/Users/aryachakrabarti/Desktop/pico-sdk/src/rp2_common/pico_float/float_init_rom_rp2040.c.o
 .ARM.attributes
                0x00000608       0x22 CMakeFiles/mac-gaming.dir/Users/aryachakrabarti/Desktop/pico-sdk/src/rp2_common/pico_float/float_v1_rom_shim_rp2040.S.o
 .ARM.attributes
                0x0000062a       0x22 CMakeFiles/mac-gaming.dir/Users/aryachakrabarti/Desktop/pico-sdk/src/rp2_common/pico_mem_ops/mem_ops_aeabi.S.o
 .ARM.attributes
                0x0000064c       0x2c CMakeFiles/mac-gaming.dir/Users/aryachakrabarti/Desktop/pico-sdk/src/rp2_common/pico_standard_binary_info/standard_binary_info.c.o
 .ARM.attributes
                0x00000678       0x2c CMakeFiles/mac-gaming.dir/Users/aryachakrabarti/Desktop/pico-sdk/src/rp2_common/pico_printf/printf.c.o
 .ARM.attributes
                0x000006a4       0x22 CMakeFiles/mac-gaming.dir/Users/aryachakrabarti/Desktop/pico-sdk/src/rp2_common/pico_crt0/crt0.S.o
 .ARM.attributes
                0x000006c6       0x2c CMakeFiles/mac-gaming.dir/Users/aryachakrabarti/Desktop/pico-sdk/src/rp2_common/pico_clib_interface/newlib_interface.c.o
 .ARM.attributes
                0x000006f2       0x2c CMakeFiles/mac-gaming.dir/Users/aryachakrabarti/Desktop/pico-sdk/src/rp2_common/pico_stdio/stdio.c.o
 .ARM.attributes
                0x0000071e       0x2c CMakeFiles/mac-gaming.dir/Users/aryachakrabarti/Desktop/pico-sdk/lib/tinyusb/src/portable/raspberrypi/rp2040/dcd_rp2040.c.o
 .ARM.attributes
                0x0000074a       0x2c CMakeFiles/mac-gaming.dir/Users/aryachakrabarti/Desktop/pico-sdk/lib/tinyusb/src/portable/raspberrypi/rp2040/rp2040_usb.c.o
 .ARM.attributes
                0x00000776       0x2c CMakeFiles/mac-gaming.dir/Users/aryachakrabarti/Desktop/pico-sdk/lib/tinyusb/src/device/usbd.c.o
 .ARM.attributes
                0x000007a2       0x2c CMakeFiles/mac-gaming.dir/Users/aryachakrabarti/Desktop/pico-sdk/lib/tinyusb/src/device/usbd_control.c.o
 .ARM.attributes
                0x000007ce       0x2c CMakeFiles/mac-gaming.dir/Users/aryachakrabarti/Desktop/pico-sdk/lib/tinyusb/src/class/hid/hid_device.c.o
 .ARM.attributes
                0x000007fa       0x2c CMakeFiles/mac-gaming.dir/Users/aryachakrabarti/Desktop/pico-sdk/lib/tinyusb/src/tusb.c.o
 .ARM.attributes
                0x00000826       0x2c CMakeFiles/mac-gaming.dir/Users/aryachakrabarti/Desktop/pico-sdk/lib/tinyusb/src/common/tusb_fifo.c.o
 .ARM.attributes
                0x00000852       0x22 pico-sdk/src/rp2040/boot_stage2/CMakeFiles/bs2_default_library.dir/bs2_default_padded_checksummed.S.o
 .ARM.attributes
                0x00000874       0x1e /Applications/ARM/bin/../lib/gcc/arm-none-eabi/13.2.1/thumb/v6-m/nofp/libgcc.a(_dvmd_tls.o)
 .ARM.attributes
                0x00000892       0x2c /Applications/ARM/bin/../lib/gcc/arm-none-eabi/13.2.1/../../../../arm-none-eabi/lib/thumb/v6-m/nofp/libg.a(libc_a-strlen-stub.o)
 .ARM.attributes
                0x000008be       0x2c /Applications/ARM/bin/../lib/gcc/arm-none-eabi/13.2.1/thumb/v6-m/nofp/crtend.o

.comment        0x00000000       0x44
 .comment       0x00000000       0x44 CMakeFiles/mac-gaming.dir/src/main.c.o
                                 0x45 (size before relaxing)
 .comment       0x00000044       0x45 CMakeFiles/mac-gaming.dir/src/matrix.c.o
 .comment       0x00000044       0x45 CMakeFiles/mac-gaming.dir/src/encoder.c.o
 .comment       0x00000044       0x45 CMakeFiles/mac-gaming.dir/src/oled.c.o
 .comment       0x00000044       0x45 CMakeFiles/mac-gaming.dir/src/usb_hid.c.o
 .comment       0x00000044       0x45 CMakeFiles/mac-gaming.dir/src/usb_descriptors.c.o
 .comment       0x00000044       0x45 CMakeFiles/mac-gaming.dir/Users/aryachakrabarti/Desktop/pico-sdk/src/rp2_common/hardware_gpio/gpio.c.o
 .comment       0x00000044       0x45 CMakeFiles/mac-gaming.dir/Users/aryachakrabarti/Desktop/pico-sdk/src/rp2040/pico_platform/platform.c.o
 .comment       0x00000044       0x45 CMakeFiles/mac-gaming.dir/Users/aryachakrabarti/Desktop/pico-sdk/src/rp2_common/pico_platform_panic/panic.c.o
 .comment       0x00000044       0x45 CMakeFiles/mac-gaming.dir/Users/aryachakrabarti/Desktop/pico-sdk/src/common/hardware_claim/claim.c.o
 .comment       0x00000044       0x45 CMakeFiles/mac-gaming.dir/Users/aryachakrabarti/Desktop/pico-sdk/src/rp2_common/hardware_sync/sync.c.o
 .comment       0x00000044       0x45 CMakeFiles/mac-gaming.dir/Users/aryachakrabarti/Desktop/pico-sdk/src/rp2_common/hardware_sync_spin_lock/sync_spin_lock.c.o
 .comment       0x00000044       0x45 CMakeFiles/mac-gaming.dir/Users/aryachakrabarti/Desktop/pico-sdk/src/rp2_common/hardware_irq/irq.c.o
 .comment       0x00000044       0x45 CMakeFiles/mac-gaming.dir/Users/aryachakrabarti/Desktop/pico-sdk/src/common/pico_sync/lock_core.c.o
 .comment       0x00000044       0x45 CMakeFiles/mac-gaming.dir/Users/aryachakrabarti/Desktop/pico-sdk/src/common/pico_sync/mutex.c.o
 .comment       0x00000044       0x45 CMakeFiles/mac-gaming.dir/Users/aryachakrabarti/Desktop/pico-sdk/src/common/pico_sync/critical_section.c.o
 .comment       0x00000044       0x45 CMakeFiles/mac-gaming.dir/Users/aryachakrabarti/Desktop/pico-sdk/src/common/pico_time/time.c.o
 .comment       0x00000044       0x45 CMakeFiles/mac-gaming.dir/Users/aryachakrabarti/Desktop/pico-sdk/src/rp2_common/hardware_timer/timer.c.o
 .comment       0x00000044       0x45 CMakeFiles/mac-gaming.dir/Users/aryachakrabarti/Desktop/pico-sdk/src/rp2_common/hardware_clocks/clocks.c.o
 .comment       0x00000044       0x45 CMakeFiles/mac-gaming.dir/Users/aryachakrabarti/Desktop/pico-sdk/src/rp2_common/hardware_pll/pll.c.o
 .comment       0x00000044       0x45 CMakeFiles/mac-gaming.dir/Users/aryachakrabarti/Desktop/pico-sdk/src/rp2_common/hardware_ticks/ticks.c.o
 .comment       0x00000044       0x45 CMakeFiles/mac-gaming.dir/Users/aryachakrabarti/Desktop/pico-sdk/src/rp2_common/pico_bootrom/bootrom.c.o
 .comment       0x00000044       0x45 CMakeFiles/mac-gaming.dir/Users/aryachakrabarti/Desktop/pico-sdk/src/rp2_common/hardware_xosc/xosc.c.o
 .comment       0x00000044       0x45 CMakeFiles/mac-gaming.dir/Users/aryachakrabarti/Desktop/pico-sdk/src/rp2_common/pico_runtime/runtime.c.o
 .comment       0x00000044       0x45 CMakeFiles/mac-gaming.dir/Users/aryachakrabarti/Desktop/pico-sdk/src/rp2_common/pico_runtime_init/runtime_init.c.o
 .comment       0x00000044       0x45 CMakeFiles/mac-gaming.dir/Users/aryachakrabarti/Desktop/pico-sdk/src/rp2_common/pico_runtime_init/runtime_init_clocks.c.o
 .comment       0x00000044       0x45 CMakeFiles/mac-gaming.dir/Users/aryachakrabarti/Desktop/pico-sdk/src/rp2_common/pico_double/double_init_rom_rp2040.c.o
 .comment       0x00000044       0x45 CMakeFiles/mac-gaming.dir/Users/aryachakrabarti/Desktop/pico-sdk/src/rp2_common/pico_float/float_init_rom_rp2040.c.o
 .comment       0x00000044       0x45 CMakeFiles/mac-gaming.dir/Users/aryachakrabarti/Desktop/pico-sdk/src/rp2_common/pico_standard_binary_info/standard_binary_info.c.o